Archive member included because of file (symbol)

.\CortexM3\ARM_GCC_493\Debug\ZumoBot.a(cyfitter_cfg.o)
                              .\CortexM3\ARM_GCC_493\Debug\Cm3Start.o (cyfitter_cfg)
.\CortexM3\ARM_GCC_493\Debug\ZumoBot.a(PWM.o)
                              .\CortexM3\ARM_GCC_493\Debug\Motor.o (PWM_Stop)
.\CortexM3\ARM_GCC_493\Debug\ZumoBot.a(I2C.o)
                              .\CortexM3\ARM_GCC_493\Debug\Nunchuk.o (I2C_Start)
.\CortexM3\ARM_GCC_493\Debug\ZumoBot.a(I2C_INT.o)
                              .\CortexM3\ARM_GCC_493\Debug\ZumoBot.a(I2C.o) (I2C_ISR)
.\CortexM3\ARM_GCC_493\Debug\ZumoBot.a(I2C_PM.o)
                              .\CortexM3\ARM_GCC_493\Debug\ZumoBot.a(I2C.o) (I2C_backup)
.\CortexM3\ARM_GCC_493\Debug\ZumoBot.a(I2C_MASTER.o)
                              .\CortexM3\ARM_GCC_493\Debug\I2C_made.o (I2C_MasterWriteBuf)
.\CortexM3\ARM_GCC_493\Debug\ZumoBot.a(CyLib.o)
                              .\CortexM3\ARM_GCC_493\Debug\Cm3Start.o (CyHalt)
.\CortexM3\ARM_GCC_493\Debug\ZumoBot.a(cyPm.o)
                              .\CortexM3\ARM_GCC_493\Debug\ZumoBot.a(CyLib.o) (CyPmReadStatus)
.\CortexM3\ARM_GCC_493\Debug\ZumoBot.a(MotorDirLeft.o)
                              .\CortexM3\ARM_GCC_493\Debug\Motor.o (MotorDirLeft_Write)
.\CortexM3\ARM_GCC_493\Debug\ZumoBot.a(MotorDirRight.o)
                              .\CortexM3\ARM_GCC_493\Debug\Motor.o (MotorDirRight_Write)
.\CortexM3\ARM_GCC_493\Debug\ZumoBot.a(sensor_isr.o)
                              .\CortexM3\ARM_GCC_493\Debug\Reflectance.o (sensor_isr_StartEx)
.\CortexM3\ARM_GCC_493\Debug\ZumoBot.a(UART_1.o)
                              .\CortexM3\ARM_GCC_493\Debug\main.o (UART_1_Start)
.\CortexM3\ARM_GCC_493\Debug\ZumoBot.a(IR_receiver.o)
                              .\CortexM3\ARM_GCC_493\Debug\IR.o (IR_receiver_Read)
.\CortexM3\ARM_GCC_493\Debug\ZumoBot.a(Trig.o)
                              .\CortexM3\ARM_GCC_493\Debug\Ultra.o (Trig_Write)
.\CortexM3\ARM_GCC_493\Debug\ZumoBot.a(Timer.o)
                              .\CortexM3\ARM_GCC_493\Debug\Ultra.o (Timer_Stop)
.\CortexM3\ARM_GCC_493\Debug\ZumoBot.a(Echo.o)
                              .\CortexM3\ARM_GCC_493\Debug\Ultra.o (Echo_Read)
.\CortexM3\ARM_GCC_493\Debug\ZumoBot.a(ultra_isr.o)
                              .\CortexM3\ARM_GCC_493\Debug\Ultra.o (ultra_isr_StartEx)
.\CortexM3\ARM_GCC_493\Debug\ZumoBot.a(UART_1_IntClock.o)
                              .\CortexM3\ARM_GCC_493\Debug\ZumoBot.a(UART_1.o) (UART_1_IntClock_Start)
.\CortexM3\ARM_GCC_493\Debug\ZumoBot.a(Buzzer_PWM.o)
                              .\CortexM3\ARM_GCC_493\Debug\Beep.o (Buzzer_PWM_Stop)
.\CortexM3\ARM_GCC_493\Debug\ZumoBot.a(L3.o)
                              .\CortexM3\ARM_GCC_493\Debug\Reflectance.o (L3_Write)
.\CortexM3\ARM_GCC_493\Debug\ZumoBot.a(Timer_L3.o)
                              .\CortexM3\ARM_GCC_493\Debug\Reflectance.o (Timer_L3_ReadStatusRegister)
.\CortexM3\ARM_GCC_493\Debug\ZumoBot.a(Timer_R3.o)
                              .\CortexM3\ARM_GCC_493\Debug\Reflectance.o (Timer_R3_ReadStatusRegister)
.\CortexM3\ARM_GCC_493\Debug\ZumoBot.a(Timer_R1.o)
                              .\CortexM3\ARM_GCC_493\Debug\Reflectance.o (Timer_R1_ReadStatusRegister)
.\CortexM3\ARM_GCC_493\Debug\ZumoBot.a(R1.o)
                              .\CortexM3\ARM_GCC_493\Debug\Reflectance.o (R1_Write)
.\CortexM3\ARM_GCC_493\Debug\ZumoBot.a(R3.o)
                              .\CortexM3\ARM_GCC_493\Debug\Reflectance.o (R3_Write)
.\CortexM3\ARM_GCC_493\Debug\ZumoBot.a(Timer_L1.o)
                              .\CortexM3\ARM_GCC_493\Debug\Reflectance.o (Timer_L1_ReadStatusRegister)
.\CortexM3\ARM_GCC_493\Debug\ZumoBot.a(L1.o)
                              .\CortexM3\ARM_GCC_493\Debug\Reflectance.o (L1_Write)
.\CortexM3\ARM_GCC_493\Debug\ZumoBot.a(CyBootAsmGnu.o)
                              .\CortexM3\ARM_GCC_493\Debug\ZumoBot.a(cyfitter_cfg.o) (CyDelayCycles)
.\CortexM3\ARM_GCC_493\Debug\ZumoBot.a(CyFlash.o)
                              .\CortexM3\ARM_GCC_493\Debug\ZumoBot.a(cyPm.o) (CyFlash_SetWaitCycles)
.\CortexM3\ARM_GCC_493\Debug\ZumoBot.a(CySpc.o)
                              .\CortexM3\ARM_GCC_493\Debug\ZumoBot.a(CyFlash.o) (CySpcStart)
c:/program files (x86)/cypress/psoc creator/4.0/psoc creator/import/gnu/arm/4.9.3/bin/../lib/gcc/arm-none-eabi/4.9.3/../../../../arm-none-eabi/lib/armv7-m\libm.a(lib_a-w_atan2.o)
                              .\CortexM3\ARM_GCC_493\Debug\Accel.o (atan2)
c:/program files (x86)/cypress/psoc creator/4.0/psoc creator/import/gnu/arm/4.9.3/bin/../lib/gcc/arm-none-eabi/4.9.3/../../../../arm-none-eabi/lib/armv7-m\libm.a(lib_a-w_pow.o)
                              .\CortexM3\ARM_GCC_493\Debug\Ambient.o (pow)
c:/program files (x86)/cypress/psoc creator/4.0/psoc creator/import/gnu/arm/4.9.3/bin/../lib/gcc/arm-none-eabi/4.9.3/../../../../arm-none-eabi/lib/armv7-m\libm.a(lib_a-e_atan2.o)
[...]
Memory Configuration

Name             Origin             Length             Attributes
rom              0x00000000         0x00040000         xr
ram              0x1fff8000         0x00010000         xrw
*default*        0x00000000         0xffffffff

Linker script and memory map

LOAD c:/program files (x86)/cypress/psoc creator/4.0/psoc creator/import/gnu/arm/4.9.3/bin/../lib/gcc/arm-none-eabi/4.9.3/armv7-m/crti.o
LOAD c:/program files (x86)/cypress/psoc creator/4.0/psoc creator/import/gnu/arm/4.9.3/bin/../lib/gcc/arm-none-eabi/4.9.3/armv7-m/crtbegin.o
LOAD c:/program files (x86)/cypress/psoc creator/4.0/psoc creator/import/gnu/arm/4.9.3/bin/../lib/gcc/arm-none-eabi/4.9.3/../../../../arm-none-eabi/lib/armv7-m/crt0.o
START GROUP
LOAD .\CortexM3\ARM_GCC_493\Debug\main.o
LOAD .\CortexM3\ARM_GCC_493\Debug\Accel.o
LOAD .\CortexM3\ARM_GCC_493\Debug\Ambient.o
LOAD .\CortexM3\ARM_GCC_493\Debug\Gyro.o
LOAD .\CortexM3\ARM_GCC_493\Debug\I2C_made.o
LOAD .\CortexM3\ARM_GCC_493\Debug\IR.o
LOAD .\CortexM3\ARM_GCC_493\Debug\Magnet.o
LOAD .\CortexM3\ARM_GCC_493\Debug\Motor.o
LOAD .\CortexM3\ARM_GCC_493\Debug\Nunchuk.o
LOAD .\CortexM3\ARM_GCC_493\Debug\Reflectance.o
LOAD .\CortexM3\ARM_GCC_493\Debug\Ultra.o
LOAD .\CortexM3\ARM_GCC_493\Debug\Beep.o
LOAD .\CortexM3\ARM_GCC_493\Debug\cymetadata.o
LOAD .\CortexM3\ARM_GCC_493\Debug\Cm3Start.o
LOAD .\CortexM3\ARM_GCC_493\Debug\ZumoBot.a
LOAD C:\Program Files (x86)\Cypress\PSoC Creator\4.0\PSoC Creator\psoc\content\cycomponentlibrary\CyComponentLibrary.cylib\CortexM3\ARM_GCC_493\Debug\CyComponentLibrary.a
LOAD c:/program files (x86)/cypress/psoc creator/4.0/psoc creator/import/gnu/arm/4.9.3/bin/../lib/gcc/arm-none-eabi/4.9.3/../../../../arm-none-eabi/lib/armv7-m\libm.a
END GROUP
START GROUP
LOAD c:/program files (x86)/cypress/psoc creator/4.0/psoc creator/import/gnu/arm/4.9.3/bin/../lib/gcc/arm-none-eabi/4.9.3/armv7-m\libgcc.a
LOAD c:/program files (x86)/cypress/psoc creator/4.0/psoc creator/import/gnu/arm/4.9.3/bin/../lib/gcc/arm-none-eabi/4.9.3/../../../../arm-none-eabi/lib/armv7-m\libg.a
LOAD c:/program files (x86)/cypress/psoc creator/4.0/psoc creator/import/gnu/arm/4.9.3/bin/../lib/gcc/arm-none-eabi/4.9.3/../../../../arm-none-eabi/lib/armv7-m\libc.a
END GROUP
LOAD c:/program files (x86)/cypress/psoc creator/4.0/psoc creator/import/gnu/arm/4.9.3/bin/../lib/gcc/arm-none-eabi/4.9.3/armv7-m/crtend.o
LOAD c:/program files (x86)/cypress/psoc creator/4.0/psoc creator/import/gnu/arm/4.9.3/bin/../lib/gcc/arm-none-eabi/4.9.3/armv7-m/crtn.o
START GROUP
LOAD c:/program files (x86)/cypress/psoc creator/4.0/psoc creator/import/gnu/arm/4.9.3/bin/../lib/gcc/arm-none-eabi/4.9.3/armv7-m\libgcc.a
LOAD c:/program files (x86)/cypress/psoc creator/4.0/psoc creator/import/gnu/arm/4.9.3/bin/../lib/gcc/arm-none-eabi/4.9.3/../../../../arm-none-eabi/lib/armv7-m\libc.a
LOAD c:/program files (x86)/cypress/psoc creator/4.0/psoc creator/import/gnu/arm/4.9.3/bin/../lib/gcc/arm-none-eabi/4.9.3/../../../../arm-none-eabi/lib/armv7-m\libnosys.a
END GROUP
                0x00000000                CY_APPL_ORIGIN = 0x0
                0x00000100                CY_FLASH_ROW_SIZE = 0x100
                0x00000020                CY_ECC_ROW_SIZE = 0x20
                0x00000000                CY_EE_IN_BTLDR = 0x0
                0x00000000                CY_APPL_LOADABLE = 0x0
                0x00000800                CY_EE_SIZE = 0x800
                0x00000001                CY_APPL_NUM = 0x1
                0x00000001                CY_APPL_MAX = 0x1
                0x00000040                CY_METADATA_SIZE = 0x40
                0x00000000                CY_APPL_LOADABLE = 0x0
                0x00000000                CY_CHECKSUM_EXCLUDE_SIZE = ALIGN (0x0, CY_FLASH_ROW_SIZE)
                0x1fff8570                PROVIDE (__cy_heap_start, _end)
                0x00000001                PROVIDE (__cy_region_num, ((__cy_regions_end - __cy_regions) / 0x10))
                0x20008000                PROVIDE (__cy_stack, (ORIGIN (ram) + 0x10000))
                0x20007800                PROVIDE (__cy_heap_end, (__cy_stack - 0x800))

.cybootloader   0x00000000        0x0
 *(.cybootloader)
                0x00000000                appl1_start = CY_APPL_ORIGIN?CY_APPL_ORIGIN:ALIGN (CY_FLASH_ROW_SIZE)
                0x0001ff00                appl2_start = (appl1_start + ALIGN ((((0x40000 - appl1_start) - (0x2 * CY_FLASH_ROW_SIZE)) / 0x2), CY_FLASH_ROW_SIZE))
                0x00000000                appl_start = (CY_APPL_NUM == 0x1)?appl1_start:appl2_start
                0x00000000                ecc_offset = ((appl_start / CY_FLASH_ROW_SIZE) * CY_ECC_ROW_SIZE)
                0x00000000                ee_offset = (CY_APPL_LOADABLE && ! (CY_EE_IN_BTLDR))?((CY_EE_SIZE / CY_APPL_MAX) * (CY_APPL_NUM - 0x1)):0x0
                0x00000800                ee_size = (CY_APPL_LOADABLE && ! (CY_EE_IN_BTLDR))?(CY_EE_SIZE / CY_APPL_MAX):CY_EE_SIZE
                0x00000000                PROVIDE (CY_ECC_OFFSET, ecc_offset)

.text           0x00000000      0x9a4
 CREATE_OBJECT_SYMBOLS
                0x00000000                PROVIDE (__cy_interrupt_vector, RomVectors)
 *(.romvectors)
 .romvectors    0x00000000       0x10 .\CortexM3\ARM_GCC_493\Debug\Cm3Start.o
                0x00000000                RomVectors
                0x00000001                ASSERT ((. != __cy_interrupt_vector), No interrupt vector)
                0x00000001                ASSERT (CY_APPL_ORIGIN?(SIZEOF (.cybootloader) <= CY_APPL_ORIGIN):0x1, Wrong image location)
                0x00000010                PROVIDE (__cy_reset, Reset)
 *(.text.Reset)
 .text.Reset    0x00000010       0x18 .\CortexM3\ARM_GCC_493\Debug\Cm3Start.o
                0x00000010                Reset
                0x00000001                ASSERT ((. != __cy_reset), No reset code)
 *(.dma_init)
                0x00000001                ASSERT ((((appl_start + .) <= 0x10000) || 0x1), DMA Init must be within the first 64k of flash)
 *(.text .text.* .gnu.linkonce.t.*)
 .text          0x00000028       0x5c c:/program files (x86)/cypress/psoc creator/4.0/psoc creator/import/gnu/arm/4.9.3/bin/../lib/gcc/arm-none-eabi/4.9.3/armv7-m/crtbegin.o
 .text.main     0x00000084       0x1c .\CortexM3\ARM_GCC_493\Debug\main.o
                0x00000084                main
 .text.motor_start
                0x000000a0        0x8 .\CortexM3\ARM_GCC_493\Debug\Motor.o
                0x000000a0                motor_start
 .text.motor_stop
                0x000000a8        0x8 .\CortexM3\ARM_GCC_493\Debug\Motor.o
                0x000000a8                motor_stop
 .text.motor_forward
                0x000000b0       0x28 .\CortexM3\ARM_GCC_493\Debug\Motor.o
                0x000000b0                motor_forward
 .text.IntDefaultHandler
                0x000000d8       0x10 .\CortexM3\ARM_GCC_493\Debug\Cm3Start.o
                0x000000d8                IntDefaultHandler
 .text.Start_c  0x000000e8       0x4c .\CortexM3\ARM_GCC_493\Debug\Cm3Start.o
                0x000000e8                Start_c
 .text.initialize_psoc
                0x00000134       0x74 .\CortexM3\ARM_GCC_493\Debug\Cm3Start.o
                0x00000134                initialize_psoc
 .text.CyClockStartupError
                0x000001a8        0x4 .\CortexM3\ARM_GCC_493\Debug\ZumoBot.a(cyfitter_cfg.o)
 .text.cfg_write_bytes32
                0x000001ac       0x34 .\CortexM3\ARM_GCC_493\Debug\ZumoBot.a(cyfitter_cfg.o)
 .text.CYMEMZERO
                0x000001e0        0xc .\CortexM3\ARM_GCC_493\Debug\ZumoBot.a(cyfitter_cfg.o)
 .text.ClockSetup
                0x000001ec       0xf0 .\CortexM3\ARM_GCC_493\Debug\ZumoBot.a(cyfitter_cfg.o)
 .text.AnalogSetDefault
                0x000002dc       0x80 .\CortexM3\ARM_GCC_493\Debug\ZumoBot.a(cyfitter_cfg.o)
 .text.CYCONFIGCPY
                0x0000035c        0x8 .\CortexM3\ARM_GCC_493\Debug\ZumoBot.a(cyfitter_cfg.o)
 .text.cyfitter_cfg
                0x00000364      0x144 .\CortexM3\ARM_GCC_493\Debug\ZumoBot.a(cyfitter_cfg.o)
                0x00000364                cyfitter_cfg
 .text.PWM_Enable
                0x000004a8       0x10 .\CortexM3\ARM_GCC_493\Debug\ZumoBot.a(PWM.o)
                0x000004a8                PWM_Enable
 .text.PWM_Stop
                0x000004b8       0x10 .\CortexM3\ARM_GCC_493\Debug\ZumoBot.a(PWM.o)
                0x000004b8                PWM_Stop
 .text.PWM_WriteCounter
                0x000004c8        0xc .\CortexM3\ARM_GCC_493\Debug\ZumoBot.a(PWM.o)
                0x000004c8                PWM_WriteCounter
 .text.PWM_WritePeriod
                0x000004d4        0xc .\CortexM3\ARM_GCC_493\Debug\ZumoBot.a(PWM.o)
                0x000004d4                PWM_WritePeriod
 .text.PWM_WriteCompare1
                0x000004e0        0xc .\CortexM3\ARM_GCC_493\Debug\ZumoBot.a(PWM.o)
                0x000004e0                PWM_WriteCompare1
 .text.PWM_WriteCompare2
                0x000004ec        0xc .\CortexM3\ARM_GCC_493\Debug\ZumoBot.a(PWM.o)
                0x000004ec                PWM_WriteCompare2
 .text.PWM_SetInterruptMode
                0x000004f8        0xc .\CortexM3\ARM_GCC_493\Debug\ZumoBot.a(PWM.o)
                0x000004f8                PWM_SetInterruptMode
 .text.PWM_ReadStatusRegister
                0x00000504        0xc .\CortexM3\ARM_GCC_493\Debug\ZumoBot.a(PWM.o)
                0x00000504                PWM_ReadStatusRegister
 .text.PWM_ReadCapture
                0x00000510        0xc .\CortexM3\ARM_GCC_493\Debug\ZumoBot.a(PWM.o)
                0x00000510                PWM_ReadCapture
 .text.PWM_ClearFIFO
                0x0000051c       0x14 .\CortexM3\ARM_GCC_493\Debug\ZumoBot.a(PWM.o)
                0x0000051c                PWM_ClearFIFO
 .text.PWM_Init
                0x00000530       0x58 .\CortexM3\ARM_GCC_493\Debug\ZumoBot.a(PWM.o)
                0x00000530                PWM_Init
 .text.PWM_Start
                0x00000588       0x1c .\CortexM3\ARM_GCC_493\Debug\ZumoBot.a(PWM.o)
                0x00000588                PWM_Start
 .text.CyDelay  0x000005a4       0x2c .\CortexM3\ARM_GCC_493\Debug\ZumoBot.a(CyLib.o)
                0x000005a4                CyDelay
 .text.CyDelayUs
                0x000005d0       0x14 .\CortexM3\ARM_GCC_493\Debug\ZumoBot.a(CyLib.o)
                0x000005d0                CyDelayUs
 .text.MotorDirLeft_Write
                0x000005e4       0x18 .\CortexM3\ARM_GCC_493\Debug\ZumoBot.a(MotorDirLeft.o)
                0x000005e4                MotorDirLeft_Write
 .text.MotorDirRight_Write
                0x000005fc       0x18 .\CortexM3\ARM_GCC_493\Debug\ZumoBot.a(MotorDirRight.o)
                0x000005fc                MotorDirRight_Write
 .text.UART_1_Init
                0x00000614       0x28 .\CortexM3\ARM_GCC_493\Debug\ZumoBot.a(UART_1.o)
                0x00000614                UART_1_Init
 .text.UART_1_Enable
                0x0000063c       0x38 .\CortexM3\ARM_GCC_493\Debug\ZumoBot.a(UART_1.o)
                0x0000063c                UART_1_Enable
 .text.UART_1_Start
                0x00000674       0x1c .\CortexM3\ARM_GCC_493\Debug\ZumoBot.a(UART_1.o)
                0x00000674                UART_1_Start
 .text.UART_1_IntClock_Start
                0x00000690       0x1c .\CortexM3\ARM_GCC_493\Debug\ZumoBot.a(UART_1_IntClock.o)
                0x00000690                UART_1_IntClock_Start
 *fill*         0x000006ac        0x4 
 .text          0x000006b0       0x20 .\CortexM3\ARM_GCC_493\Debug\ZumoBot.a(CyBootAsmGnu.o)
                0x000006b0                CyDelayCycles
                0x000006c0                CyEnterCriticalSection
                0x000006c8                CyExitCriticalSection
 .text.__errno  0x000006d0        0xc c:/program files (x86)/cypress/psoc creator/4.0/psoc creator/import/gnu/arm/4.9.3/bin/../lib/gcc/arm-none-eabi/4.9.3/../../../../arm-none-eabi/lib/armv7-m\libg.a(lib_a-errno.o)
                0x000006d0                __errno
 .text.__libc_init_array
                0x000006dc       0x50 c:/program files (x86)/cypress/psoc creator/4.0/psoc creator/import/gnu/arm/4.9.3/bin/../lib/gcc/arm-none-eabi/4.9.3/../../../../arm-none-eabi/lib/armv7-m\libg.a(lib_a-init.o)
                0x000006dc                __libc_init_array
 .text          0x0000072c       0xec c:/program files (x86)/cypress/psoc creator/4.0/psoc creator/import/gnu/arm/4.9.3/bin/../lib/gcc/arm-none-eabi/4.9.3/../../../../arm-none-eabi/lib/armv7-m\libg.a(lib_a-memcpy.o)
                0x0000072c                memcpy
 .text.memset   0x00000818       0x9c c:/program files (x86)/cypress/psoc creator/4.0/psoc creator/import/gnu/arm/4.9.3/bin/../lib/gcc/arm-none-eabi/4.9.3/../../../../arm-none-eabi/lib/armv7-m\libg.a(lib_a-memset.o)
                0x00000818                memset
 .text.startup.register_fini
                0x000008b4       0x14 c:/program files (x86)/cypress/psoc creator/4.0/psoc creator/import/gnu/arm/4.9.3/bin/../lib/gcc/arm-none-eabi/4.9.3/../../../../arm-none-eabi/lib/armv7-m\libg.a(lib_a-__call_atexit.o)
 .text.atexit   0x000008c8        0xc c:/program files (x86)/cypress/psoc creator/4.0/psoc creator/import/gnu/arm/4.9.3/bin/../lib/gcc/arm-none-eabi/4.9.3/../../../../arm-none-eabi/lib/armv7-m\libg.a(lib_a-atexit.o)
                0x000008c8                atexit
 .text.__libc_fini_array
                0x000008d4       0x2c c:/program files (x86)/cypress/psoc creator/4.0/psoc creator/import/gnu/arm/4.9.3/bin/../lib/gcc/arm-none-eabi/4.9.3/../../../../arm-none-eabi/lib/armv7-m\libg.a(lib_a-fini.o)
                0x000008d4                __libc_fini_array
 .text.__register_exitproc
                0x00000900       0xa4 c:/program files (x86)/cypress/psoc creator/4.0/psoc creator/import/gnu/arm/4.9.3/bin/../lib/gcc/arm-none-eabi/4.9.3/../../../../arm-none-eabi/lib/armv7-m\libg.a(lib_a-__atexit.o)
                0x00000900                __register_exitproc
 *(.plt)
 *(.gnu.warning)
 *(.glue_7t)
 .glue_7t       0x00000000        0x0 linker stubs
 *(.glue_7)
 .glue_7        0x00000000        0x0 linker stubs
 *(.vfp11_veneer)
 .vfp11_veneer  0x00000000        0x0 linker stubs
 *(.bootloader)
 *(.ARM.extab* .gnu.linkonce.armextab.*)
 *(.gcc_except_table)

.v4_bx          0x000009a4        0x0
 .v4_bx         0x00000000        0x0 linker stubs

.iplt           0x000009a4        0x0
 .iplt          0x00000000        0x0 c:/program files (x86)/cypress/psoc creator/4.0/psoc creator/import/gnu/arm/4.9.3/bin/../lib/gcc/arm-none-eabi/4.9.3/armv7-m/crtbegin.o

.eh_frame_hdr
 *(.eh_frame_hdr)

.eh_frame       0x000009a4        0x4
 *(.eh_frame)
 .eh_frame      0x000009a4        0x0 c:/program files (x86)/cypress/psoc creator/4.0/psoc creator/import/gnu/arm/4.9.3/bin/../lib/gcc/arm-none-eabi/4.9.3/armv7-m/crtbegin.o
 .eh_frame      0x000009a4        0x4 c:/program files (x86)/cypress/psoc creator/4.0/psoc creator/import/gnu/arm/4.9.3/bin/../lib/gcc/arm-none-eabi/4.9.3/armv7-m/crtend.o
                0x000009a8                PROVIDE (__exidx_start, .)

.ARM.exidx
 *(.ARM.exidx* .gnu.linkonce.armexidx.*)
                0x000009a8                __exidx_end = .

.rodata         0x000009a8       0x80
 *(.rodata .rodata.* .gnu.linkonce.r.*)
 .rodata        0x000009a8       0x3c .\CortexM3\ARM_GCC_493\Debug\ZumoBot.a(cyfitter_cfg.o)
 .rodata.str1.4
                0x000009e4        0x4 c:/program files (x86)/cypress/psoc creator/4.0/psoc creator/import/gnu/arm/4.9.3/bin/../lib/gcc/arm-none-eabi/4.9.3/../../../../arm-none-eabi/lib/armv7-m\libg.a(lib_a-impure.o)
 .rodata._global_impure_ptr
                0x000009e8        0x4 c:/program files (x86)/cypress/psoc creator/4.0/psoc creator/import/gnu/arm/4.9.3/bin/../lib/gcc/arm-none-eabi/4.9.3/../../../../arm-none-eabi/lib/armv7-m\libg.a(lib_a-impure.o)
                0x000009e8                _global_impure_ptr
                0x000009ec                . = ALIGN (0x4)
 *(.init)
 .init          0x000009ec        0x4 c:/program files (x86)/cypress/psoc creator/4.0/psoc creator/import/gnu/arm/4.9.3/bin/../lib/gcc/arm-none-eabi/4.9.3/armv7-m/crti.o
                0x000009ec                _init
 .init          0x000009f0        0x8 c:/program files (x86)/cypress/psoc creator/4.0/psoc creator/import/gnu/arm/4.9.3/bin/../lib/gcc/arm-none-eabi/4.9.3/armv7-m/crtn.o
                0x000009f8                . = ALIGN (0x4)
                0x000009f8                __preinit_array_start = .
 *(.preinit_array)
                0x000009f8                __preinit_array_end = .
                0x000009f8                . = ALIGN (0x4)
                0x000009f8                __init_array_start = .
 *(SORT(.init_array.*))
 .init_array.00000
                0x000009f8        0x4 c:/program files (x86)/cypress/psoc creator/4.0/psoc creator/import/gnu/arm/4.9.3/bin/../lib/gcc/arm-none-eabi/4.9.3/../../../../arm-none-eabi/lib/armv7-m\libg.a(lib_a-__call_atexit.o)
 *(.init_array)
 .init_array    0x000009fc        0x4 c:/program files (x86)/cypress/psoc creator/4.0/psoc creator/import/gnu/arm/4.9.3/bin/../lib/gcc/arm-none-eabi/4.9.3/armv7-m/crtbegin.o
 .init_array    0x00000a00        0x4 .\CortexM3\ARM_GCC_493\Debug\Cm3Start.o
                0x00000a04                __init_array_end = .
                0x00000a04                . = ALIGN (0x4)
 *(.fini)
 .fini          0x00000a04        0x4 c:/program files (x86)/cypress/psoc creator/4.0/psoc creator/import/gnu/arm/4.9.3/bin/../lib/gcc/arm-none-eabi/4.9.3/armv7-m/crti.o
                0x00000a04                _fini
 .fini          0x00000a08        0x8 c:/program files (x86)/cypress/psoc creator/4.0/psoc creator/import/gnu/arm/4.9.3/bin/../lib/gcc/arm-none-eabi/4.9.3/armv7-m/crtn.o
                0x00000a10                . = ALIGN (0x4)
                0x00000a10                __fini_array_start = .
 *(.fini_array)
 .fini_array    0x00000a10        0x4 c:/program files (x86)/cypress/psoc creator/4.0/psoc creator/import/gnu/arm/4.9.3/bin/../lib/gcc/arm-none-eabi/4.9.3/armv7-m/crtbegin.o
 *(SORT(.fini_array.*))
                0x00000a14                __fini_array_end = .
                0x00000a14                . = ALIGN (0x4)
 *crtbegin.o(.ctors)
 *(EXCLUDE_FILE(*crtend.o) .ctors)
 *(SORT(.ctors.*))
 *crtend.o(.ctors)
                0x00000a14                . = ALIGN (0x4)
 *crtbegin.o(.dtors)
 *(EXCLUDE_FILE(*crtend.o) .dtors)
 *(SORT(.dtors.*))
 *crtend.o(.dtors)
                0x00000a14                . = ALIGN (0x4)
                0x00000a14                __cy_regions = .
                0x00000a14        0x4 LONG 0xa28 __cy_region_init_ram
                0x00000a18        0x4 LONG 0x1fff8108 __cy_region_start_data
                0x00000a1c        0x4 LONG 0x448 __cy_region_init_size_ram
                0x00000a20        0x4 LONG 0x20 __cy_region_zero_size_ram
                0x00000a24                __cy_regions_end = .
                0x00000a28                . = ALIGN (0x8)
 *fill*         0x00000a24        0x4 
                0x00000a28                _etext = .

.cy_checksum_exclude
                0x00000a28        0x0
 *(.cy_checksum_exclude)

.ramvectors     0x1fff8000      0x100
                0x1fff8000                __cy_region_start_ram = .
 *(.ramvectors)
 .ramvectors    0x1fff8000      0x100 .\CortexM3\ARM_GCC_493\Debug\Cm3Start.o
                0x1fff8000                CyRamVectors

.noinit         0x1fff8100        0x5
 *(.noinit)
 .noinit        0x1fff8100        0x4 .\CortexM3\ARM_GCC_493\Debug\Cm3Start.o
 .noinit        0x1fff8104        0x1 .\CortexM3\ARM_GCC_493\Debug\ZumoBot.a(CyLib.o)
                0x1fff8104                CyResetStatus

.data           0x1fff8108      0x448 load address 0x00000a28
                0x1fff8108                __cy_region_start_data = .
 *(.jcr)
 .jcr           0x1fff8108        0x0 c:/program files (x86)/cypress/psoc creator/4.0/psoc creator/import/gnu/arm/4.9.3/bin/../lib/gcc/arm-none-eabi/4.9.3/armv7-m/crtbegin.o
 .jcr           0x1fff8108        0x4 c:/program files (x86)/cypress/psoc creator/4.0/psoc creator/import/gnu/arm/4.9.3/bin/../lib/gcc/arm-none-eabi/4.9.3/armv7-m/crtend.o
 *(.got.plt)
 *(.got)
 *(.shdata)
 *(.data .data.* .gnu.linkonce.d.*)
 .data          0x1fff810c       0x10 .\CortexM3\ARM_GCC_493\Debug\ZumoBot.a(CyLib.o)
                0x1fff810c                cydelay_32k_ms
                0x1fff8110                cydelay_freq_khz
                0x1fff8114                cydelay_freq_mhz
                0x1fff8118                cydelay_freq_hz
 *fill*         0x1fff811c        0x4 
 .data.impure_data
                0x1fff8120      0x428 c:/program files (x86)/cypress/psoc creator/4.0/psoc creator/import/gnu/arm/4.9.3/bin/../lib/gcc/arm-none-eabi/4.9.3/../../../../arm-none-eabi/lib/armv7-m\libg.a(lib_a-impure.o)
 .data._impure_ptr
                0x1fff8548        0x4 c:/program files (x86)/cypress/psoc creator/4.0/psoc creator/import/gnu/arm/4.9.3/bin/../lib/gcc/arm-none-eabi/4.9.3/../../../../arm-none-eabi/lib/armv7-m\libg.a(lib_a-impure.o)
                0x1fff8548                _impure_ptr
                0x1fff8550                . = ALIGN (0x8)
 *fill*         0x1fff854c        0x4 
 *(.ram)
                0x1fff8550                _edata = .

.igot.plt       0x1fff8550        0x0 load address 0x00000e70
 .igot.plt      0x00000000        0x0 c:/program files (x86)/cypress/psoc creator/4.0/psoc creator/import/gnu/arm/4.9.3/bin/../lib/gcc/arm-none-eabi/4.9.3/armv7-m/crtbegin.o

.bss            0x1fff8550       0x20 load address 0x00000e70
                0x1fff8550                PROVIDE (__bss_start__, .)
 *(.shbss)
 *(.bss .bss.* .gnu.linkonce.b.*)
 .bss           0x1fff8550       0x1c c:/program files (x86)/cypress/psoc creator/4.0/psoc creator/import/gnu/arm/4.9.3/bin/../lib/gcc/arm-none-eabi/4.9.3/armv7-m/crtbegin.o
 .bss           0x1fff856c        0x1 .\CortexM3\ARM_GCC_493\Debug\ZumoBot.a(PWM.o)
                0x1fff856c                PWM_initVar
 .bss           0x1fff856d        0x2 .\CortexM3\ARM_GCC_493\Debug\ZumoBot.a(UART_1.o)
                0x1fff856d                UART_1_initVar
 *(COMMON)
                0x1fff8570                . = ALIGN (0x8)
 *fill*         0x1fff856f        0x1 
 *(.ram.b)
                0x1fff8570                _end = .
                0x1fff8570                __end = .
                0x1fff8570                PROVIDE (end, .)
                0x1fff8570                PROVIDE (__bss_end__, .)
                0x00000a28                __cy_region_init_ram = LOADADDR (.data)
                0x00000448                __cy_region_init_size_ram = (_edata - ADDR (.data))
                0x00000020                __cy_region_zero_size_ram = (_end - _edata)

.heap           0x1fff8570      0x800 load address 0x00000e70
                0x1fff8570                . = _end
                0x1fff8d70                . = (. + 0x800)
 *fill*         0x1fff8570      0x800 
                0x1fff8d70                __cy_heap_limit = .

.stack          0x20007800      0x800
                0x20007800                __cy_stack_limit = .
                0x20008000                . = (. + 0x800)
 *fill*         0x20007800      0x800 
                0x00000001                ASSERT ((__cy_stack_limit >= __cy_heap_limit), region RAM overflowed with stack)
                0x00000000                cy_checksum_exclude_size = (CY_APPL_LOADABLE == 0x1)?SIZEOF (.cy_checksum_exclude):0x0
                0x00000001                ASSERT ((cy_checksum_exclude_size <= CY_CHECKSUM_EXCLUDE_SIZE), CY_BOOT: Section .cy_checksum_exclude size exceedes specified limit.)

.cyloadermeta
 *(.cyloadermeta)

.cyloadablemeta
 *(.cyloadablemeta)

.cyconfigecc    0x80000000      0x8b4
 *(.cyconfigecc)
 .cyconfigecc   0x80000000      0x8b4 .\CortexM3\ARM_GCC_493\Debug\cymetadata.o
                0x80000000                cy_meta_configecc

.cycustnvl      0x90000000        0x4
 *(.cycustnvl)
 .cycustnvl     0x90000000        0x4 .\CortexM3\ARM_GCC_493\Debug\cymetadata.o
                0x90000000                cy_meta_custnvl

.cywolatch      0x90100000        0x4
 *(.cywolatch)
 .cywolatch     0x90100000        0x4 .\CortexM3\ARM_GCC_493\Debug\cymetadata.o
                0x90100000                cy_meta_wonvl

.cyeeprom       0x90200000        0x0
 *(.cyeeprom)
                0x00000001                ASSERT ((. <= ((0x90200000 + ee_offset) + ee_size)), .cyeeprom data will not fit in EEPROM)

.cyflashprotect
                0x90400000      0x100
 *(.cyflashprotect)
 .cyflashprotect
                0x90400000      0x100 .\CortexM3\ARM_GCC_493\Debug\cymetadata.o
                0x90400000                cy_meta_flashprotect

.cymeta         0x90500000        0xc
 *(.cymeta)
 .cymeta        0x90500000        0xc .\CortexM3\ARM_GCC_493\Debug\cymetadata.o
                0x90500000                cy_metadata

.rel.dyn        0x00000e70        0x0 load address 0x9050000c
 .rel.iplt      0x00000000        0x0 c:/program files (x86)/cypress/psoc creator/4.0/psoc creator/import/gnu/arm/4.9.3/bin/../lib/gcc/arm-none-eabi/4.9.3/armv7-m/crtbegin.o

.stab
 *(.stab)

.stabstr
 *(.stabstr)

.debug
 *(.debug)

.line
 *(.line)

.debug_srcinfo
 *(.debug_srcinfo)

.debug_sfnames
 *(.debug_sfnames)

.debug_aranges  0x00000000     0x1068
 *(.debug_aranges)
 .debug_aranges
                0x00000000       0x30 .\CortexM3\ARM_GCC_493\Debug\main.o
 .debug_aranges
                0x00000030       0x20 .\CortexM3\ARM_GCC_493\Debug\Accel.o
 .debug_aranges
                0x00000050       0x20 .\CortexM3\ARM_GCC_493\Debug\Ambient.o
 .debug_aranges
                0x00000070       0x20 .\CortexM3\ARM_GCC_493\Debug\Gyro.o
 .debug_aranges
                0x00000090       0x30 .\CortexM3\ARM_GCC_493\Debug\I2C_made.o
 .debug_aranges
                0x000000c0       0x40 .\CortexM3\ARM_GCC_493\Debug\IR.o
 .debug_aranges
                0x00000100       0x20 .\CortexM3\ARM_GCC_493\Debug\Magnet.o
 .debug_aranges
                0x00000120       0x40 .\CortexM3\ARM_GCC_493\Debug\Motor.o
 .debug_aranges
                0x00000160       0x30 .\CortexM3\ARM_GCC_493\Debug\Nunchuk.o
 .debug_aranges
                0x00000190       0x40 .\CortexM3\ARM_GCC_493\Debug\Reflectance.o
 .debug_aranges
                0x000001d0       0x38 .\CortexM3\ARM_GCC_493\Debug\Ultra.o
 .debug_aranges
                0x00000208       0x20 .\CortexM3\ARM_GCC_493\Debug\Beep.o
 .debug_aranges
                0x00000228       0x18 .\CortexM3\ARM_GCC_493\Debug\cymetadata.o
 .debug_aranges
                0x00000240       0x48 .\CortexM3\ARM_GCC_493\Debug\Cm3Start.o
 .debug_aranges
                0x00000288       0x58 .\CortexM3\ARM_GCC_493\Debug\ZumoBot.a(cyfitter_cfg.o)
 .debug_aranges
                0x000002e0       0xa8 .\CortexM3\ARM_GCC_493\Debug\ZumoBot.a(PWM.o)
 .debug_aranges
                0x00000388       0x38 .\CortexM3\ARM_GCC_493\Debug\ZumoBot.a(I2C.o)
 .debug_aranges
                0x000003c0       0x20 .\CortexM3\ARM_GCC_493\Debug\ZumoBot.a(I2C_INT.o)
 .debug_aranges
                0x000003e0       0x38 .\CortexM3\ARM_GCC_493\Debug\ZumoBot.a(I2C_PM.o)
 .debug_aranges
                0x00000418       0x80 .\CortexM3\ARM_GCC_493\Debug\ZumoBot.a(I2C_MASTER.o)
 .debug_aranges
                0x00000498      0x2a0 .\CortexM3\ARM_GCC_493\Debug\ZumoBot.a(CyLib.o)
 .debug_aranges
                0x00000738       0x98 .\CortexM3\ARM_GCC_493\Debug\ZumoBot.a(cyPm.o)
 .debug_aranges
                0x000007d0       0x38 .\CortexM3\ARM_GCC_493\Debug\ZumoBot.a(MotorDirLeft.o)
 .debug_aranges
                0x00000808       0x38 .\CortexM3\ARM_GCC_493\Debug\ZumoBot.a(MotorDirRight.o)
 .debug_aranges
                0x00000840       0x80 .\CortexM3\ARM_GCC_493\Debug\ZumoBot.a(sensor_isr.o)
 .debug_aranges
                0x000008c0       0xf0 .\CortexM3\ARM_GCC_493\Debug\ZumoBot.a(UART_1.o)
 .debug_aranges
                0x000009b0       0x38 .\CortexM3\ARM_GCC_493\Debug\ZumoBot.a(IR_receiver.o)
 .debug_aranges
                0x000009e8       0x38 .\CortexM3\ARM_GCC_493\Debug\ZumoBot.a(Trig.o)
 .debug_aranges
                0x00000a20       0x88 .\CortexM3\ARM_GCC_493\Debug\ZumoBot.a(Timer.o)
 .debug_aranges
                0x00000aa8       0x38 .\CortexM3\ARM_GCC_493\Debug\ZumoBot.a(Echo.o)
 .debug_aranges
                0x00000ae0       0x80 .\CortexM3\ARM_GCC_493\Debug\ZumoBot.a(ultra_isr.o)
 .debug_aranges
                0x00000b60       0x70 .\CortexM3\ARM_GCC_493\Debug\ZumoBot.a(UART_1_IntClock.o)
 .debug_aranges
                0x00000bd0       0x80 .\CortexM3\ARM_GCC_493\Debug\ZumoBot.a(Buzzer_PWM.o)
 .debug_aranges
                0x00000c50       0x38 .\CortexM3\ARM_GCC_493\Debug\ZumoBot.a(L3.o)
 .debug_aranges
                0x00000c88       0x88 .\CortexM3\ARM_GCC_493\Debug\ZumoBot.a(Timer_L3.o)
 .debug_aranges
                0x00000d10       0x88 .\CortexM3\ARM_GCC_493\Debug\ZumoBot.a(Timer_R3.o)
 .debug_aranges
                0x00000d98       0x88 .\CortexM3\ARM_GCC_493\Debug\ZumoBot.a(Timer_R1.o)
 .debug_aranges
                0x00000e20       0x38 .\CortexM3\ARM_GCC_493\Debug\ZumoBot.a(R1.o)
 .debug_aranges
                0x00000e58       0x38 .\CortexM3\ARM_GCC_493\Debug\ZumoBot.a(R3.o)
 .debug_aranges
                0x00000e90       0x88 .\CortexM3\ARM_GCC_493\Debug\ZumoBot.a(Timer_L1.o)
 .debug_aranges
                0x00000f18       0x38 .\CortexM3\ARM_GCC_493\Debug\ZumoBot.a(L1.o)
 .debug_aranges
                0x00000f50       0x20 .\CortexM3\ARM_GCC_493\Debug\ZumoBot.a(CyBootAsmGnu.o)
 .debug_aranges
                0x00000f70       0x80 .\CortexM3\ARM_GCC_493\Debug\ZumoBot.a(CyFlash.o)
 .debug_aranges
                0x00000ff0       0x78 .\CortexM3\ARM_GCC_493\Debug\ZumoBot.a(CySpc.o)

.debug_pubnames
 *(.debug_pubnames)

.debug_info     0x00000000     0x8a91
 *(.debug_info .gnu.linkonce.wi.*)
 .debug_info    0x00000000      0x282 .\CortexM3\ARM_GCC_493\Debug\main.o
 .debug_info    0x00000282      0x143 .\CortexM3\ARM_GCC_493\Debug\Accel.o
 .debug_info    0x000003c5      0x119 .\CortexM3\ARM_GCC_493\Debug\Ambient.o
 .debug_info    0x000004de      0x103 .\CortexM3\ARM_GCC_493\Debug\Gyro.o
 .debug_info    0x000005e1      0x322 .\CortexM3\ARM_GCC_493\Debug\I2C_made.o
 .debug_info    0x00000903      0x205 .\CortexM3\ARM_GCC_493\Debug\IR.o
 .debug_info    0x00000b08      0x162 .\CortexM3\ARM_GCC_493\Debug\Magnet.o
 .debug_info    0x00000c6a      0x2f8 .\CortexM3\ARM_GCC_493\Debug\Motor.o
 .debug_info    0x00000f62      0x311 .\CortexM3\ARM_GCC_493\Debug\Nunchuk.o
 .debug_info    0x00001273      0x5a3 .\CortexM3\ARM_GCC_493\Debug\Reflectance.o
 .debug_info    0x00001816      0x6c4 .\CortexM3\ARM_GCC_493\Debug\Ultra.o
 .debug_info    0x00001eda      0x197 .\CortexM3\ARM_GCC_493\Debug\Beep.o
 .debug_info    0x00002071      0x13f .\CortexM3\ARM_GCC_493\Debug\cymetadata.o
 .debug_info    0x000021b0      0x3b3 .\CortexM3\ARM_GCC_493\Debug\Cm3Start.o
 .debug_info    0x00002563      0x64d .\CortexM3\ARM_GCC_493\Debug\ZumoBot.a(cyfitter_cfg.o)
 .debug_info    0x00002bb0      0x37e .\CortexM3\ARM_GCC_493\Debug\ZumoBot.a(PWM.o)
 .debug_info    0x00002f2e      0x2db .\CortexM3\ARM_GCC_493\Debug\ZumoBot.a(I2C.o)
 .debug_info    0x00003209      0x17f .\CortexM3\ARM_GCC_493\Debug\ZumoBot.a(I2C_INT.o)
 .debug_info    0x00003388      0x1fe .\CortexM3\ARM_GCC_493\Debug\ZumoBot.a(I2C_PM.o)
 .debug_info    0x00003586      0x400 .\CortexM3\ARM_GCC_493\Debug\ZumoBot.a(I2C_MASTER.o)
 .debug_info    0x00003986     0x1385 .\CortexM3\ARM_GCC_493\Debug\ZumoBot.a(CyLib.o)
 .debug_info    0x00004d0b      0xa57 .\CortexM3\ARM_GCC_493\Debug\ZumoBot.a(cyPm.o)
 .debug_info    0x00005762      0x121 .\CortexM3\ARM_GCC_493\Debug\ZumoBot.a(MotorDirLeft.o)
 .debug_info    0x00005883      0x11f .\CortexM3\ARM_GCC_493\Debug\ZumoBot.a(MotorDirRight.o)
 .debug_info    0x000059a2      0x2cb .\CortexM3\ARM_GCC_493\Debug\ZumoBot.a(sensor_isr.o)
 .debug_info    0x00005c6d      0x603 .\CortexM3\ARM_GCC_493\Debug\ZumoBot.a(UART_1.o)
 .debug_info    0x00006270      0x121 .\CortexM3\ARM_GCC_493\Debug\ZumoBot.a(IR_receiver.o)
 .debug_info    0x00006391      0x121 .\CortexM3\ARM_GCC_493\Debug\ZumoBot.a(Trig.o)
 .debug_info    0x000064b2      0x2ce .\CortexM3\ARM_GCC_493\Debug\ZumoBot.a(Timer.o)
 .debug_info    0x00006780      0x11f .\CortexM3\ARM_GCC_493\Debug\ZumoBot.a(Echo.o)
 .debug_info    0x0000689f      0x2cb .\CortexM3\ARM_GCC_493\Debug\ZumoBot.a(ultra_isr.o)
 .debug_info    0x00006b6a      0x283 .\CortexM3\ARM_GCC_493\Debug\ZumoBot.a(UART_1_IntClock.o)
 .debug_info    0x00006ded      0x272 .\CortexM3\ARM_GCC_493\Debug\ZumoBot.a(Buzzer_PWM.o)
 .debug_info    0x0000705f      0x11f .\CortexM3\ARM_GCC_493\Debug\ZumoBot.a(L3.o)
 .debug_info    0x0000717e      0x28e .\CortexM3\ARM_GCC_493\Debug\ZumoBot.a(Timer_L3.o)
 .debug_info    0x0000740c      0x28e .\CortexM3\ARM_GCC_493\Debug\ZumoBot.a(Timer_R3.o)
 .debug_info    0x0000769a      0x28e .\CortexM3\ARM_GCC_493\Debug\ZumoBot.a(Timer_R1.o)
 .debug_info    0x00007928      0x11f .\CortexM3\ARM_GCC_493\Debug\ZumoBot.a(R1.o)
 .debug_info    0x00007a47      0x11f .\CortexM3\ARM_GCC_493\Debug\ZumoBot.a(R3.o)
 .debug_info    0x00007b66      0x28e .\CortexM3\ARM_GCC_493\Debug\ZumoBot.a(Timer_L1.o)
 .debug_info    0x00007df4      0x11f .\CortexM3\ARM_GCC_493\Debug\ZumoBot.a(L1.o)
 .debug_info    0x00007f13       0x8c .\CortexM3\ARM_GCC_493\Debug\ZumoBot.a(CyBootAsmGnu.o)
 .debug_info    0x00007f9f      0x608 .\CortexM3\ARM_GCC_493\Debug\ZumoBot.a(CyFlash.o)
 .debug_info    0x000085a7      0x4ea .\CortexM3\ARM_GCC_493\Debug\ZumoBot.a(CySpc.o)

.debug_abbrev   0x00000000     0x31d3
 *(.debug_abbrev)
 .debug_abbrev  0x00000000      0x14b .\CortexM3\ARM_GCC_493\Debug\main.o
 .debug_abbrev  0x0000014b       0xb7 .\CortexM3\ARM_GCC_493\Debug\Accel.o
 .debug_abbrev  0x00000202       0x95 .\CortexM3\ARM_GCC_493\Debug\Ambient.o
 .debug_abbrev  0x00000297       0xa5 .\CortexM3\ARM_GCC_493\Debug\Gyro.o
 .debug_abbrev  0x0000033c      0x171 .\CortexM3\ARM_GCC_493\Debug\I2C_made.o
 .debug_abbrev  0x000004ad       0xdc .\CortexM3\ARM_GCC_493\Debug\IR.o
 .debug_abbrev  0x00000589       0xe3 .\CortexM3\ARM_GCC_493\Debug\Magnet.o
 .debug_abbrev  0x0000066c      0x108 .\CortexM3\ARM_GCC_493\Debug\Motor.o
 .debug_abbrev  0x00000774      0x151 .\CortexM3\ARM_GCC_493\Debug\Nunchuk.o
 .debug_abbrev  0x000008c5      0x151 .\CortexM3\ARM_GCC_493\Debug\Reflectance.o
 .debug_abbrev  0x00000a16      0x28e .\CortexM3\ARM_GCC_493\Debug\Ultra.o
 .debug_abbrev  0x00000ca4       0xe3 .\CortexM3\ARM_GCC_493\Debug\Beep.o
 .debug_abbrev  0x00000d87       0x77 .\CortexM3\ARM_GCC_493\Debug\cymetadata.o
 .debug_abbrev  0x00000dfe      0x1f7 .\CortexM3\ARM_GCC_493\Debug\Cm3Start.o
 .debug_abbrev  0x00000ff5      0x212 .\CortexM3\ARM_GCC_493\Debug\ZumoBot.a(cyfitter_cfg.o)
 .debug_abbrev  0x00001207      0x14d .\CortexM3\ARM_GCC_493\Debug\ZumoBot.a(PWM.o)
 .debug_abbrev  0x00001354      0x15c .\CortexM3\ARM_GCC_493\Debug\ZumoBot.a(I2C.o)
 .debug_abbrev  0x000014b0       0xbd .\CortexM3\ARM_GCC_493\Debug\ZumoBot.a(I2C_INT.o)
 .debug_abbrev  0x0000156d      0x12b .\CortexM3\ARM_GCC_493\Debug\ZumoBot.a(I2C_PM.o)
 .debug_abbrev  0x00001698      0x13c .\CortexM3\ARM_GCC_493\Debug\ZumoBot.a(I2C_MASTER.o)
 .debug_abbrev  0x000017d4      0x296 .\CortexM3\ARM_GCC_493\Debug\ZumoBot.a(CyLib.o)
 .debug_abbrev  0x00001a6a      0x1ed .\CortexM3\ARM_GCC_493\Debug\ZumoBot.a(cyPm.o)
 .debug_abbrev  0x00001c57       0x90 .\CortexM3\ARM_GCC_493\Debug\ZumoBot.a(MotorDirLeft.o)
 .debug_abbrev  0x00001ce7       0x90 .\CortexM3\ARM_GCC_493\Debug\ZumoBot.a(MotorDirRight.o)
 .debug_abbrev  0x00001d77      0x173 .\CortexM3\ARM_GCC_493\Debug\ZumoBot.a(sensor_isr.o)
 .debug_abbrev  0x00001eea      0x1a2 .\CortexM3\ARM_GCC_493\Debug\ZumoBot.a(UART_1.o)
 .debug_abbrev  0x0000208c       0x90 .\CortexM3\ARM_GCC_493\Debug\ZumoBot.a(IR_receiver.o)
 .debug_abbrev  0x0000211c       0x90 .\CortexM3\ARM_GCC_493\Debug\ZumoBot.a(Trig.o)
 .debug_abbrev  0x000021ac      0x154 .\CortexM3\ARM_GCC_493\Debug\ZumoBot.a(Timer.o)
 .debug_abbrev  0x00002300       0x90 .\CortexM3\ARM_GCC_493\Debug\ZumoBot.a(Echo.o)
 .debug_abbrev  0x00002390      0x173 .\CortexM3\ARM_GCC_493\Debug\ZumoBot.a(ultra_isr.o)
 .debug_abbrev  0x00002503      0x139 .\CortexM3\ARM_GCC_493\Debug\ZumoBot.a(UART_1_IntClock.o)
 .debug_abbrev  0x0000263c      0x12d .\CortexM3\ARM_GCC_493\Debug\ZumoBot.a(Buzzer_PWM.o)
 .debug_abbrev  0x00002769       0x90 .\CortexM3\ARM_GCC_493\Debug\ZumoBot.a(L3.o)
 .debug_abbrev  0x000027f9      0x11a .\CortexM3\ARM_GCC_493\Debug\ZumoBot.a(Timer_L3.o)
 .debug_abbrev  0x00002913      0x11a .\CortexM3\ARM_GCC_493\Debug\ZumoBot.a(Timer_R3.o)
 .debug_abbrev  0x00002a2d      0x11a .\CortexM3\ARM_GCC_493\Debug\ZumoBot.a(Timer_R1.o)
 .debug_abbrev  0x00002b47       0x90 .\CortexM3\ARM_GCC_493\Debug\ZumoBot.a(R1.o)
 .debug_abbrev  0x00002bd7       0x90 .\CortexM3\ARM_GCC_493\Debug\ZumoBot.a(R3.o)
 .debug_abbrev  0x00002c67      0x11a .\CortexM3\ARM_GCC_493\Debug\ZumoBot.a(Timer_L1.o)
 .debug_abbrev  0x00002d81       0x90 .\CortexM3\ARM_GCC_493\Debug\ZumoBot.a(L1.o)
 .debug_abbrev  0x00002e11       0x14 .\CortexM3\ARM_GCC_493\Debug\ZumoBot.a(CyBootAsmGnu.o)
 .debug_abbrev  0x00002e25      0x1ed .\CortexM3\ARM_GCC_493\Debug\ZumoBot.a(CyFlash.o)
 .debug_abbrev  0x00003012      0x1c1 .\CortexM3\ARM_GCC_493\Debug\ZumoBot.a(CySpc.o)

.debug_line     0x00000000     0x43f7
 *(.debug_line)
 .debug_line    0x00000000      0x1e1 .\CortexM3\ARM_GCC_493\Debug\main.o
 .debug_line    0x000001e1      0x179 .\CortexM3\ARM_GCC_493\Debug\Accel.o
 .debug_line    0x0000035a       0xe3 .\CortexM3\ARM_GCC_493\Debug\Ambient.o
 .debug_line    0x0000043d      0x16f .\CortexM3\ARM_GCC_493\Debug\Gyro.o
 .debug_line    0x000005ac      0x1c1 .\CortexM3\ARM_GCC_493\Debug\I2C_made.o
 .debug_line    0x0000076d      0x26f .\CortexM3\ARM_GCC_493\Debug\IR.o
 .debug_line    0x000009dc      0x185 .\CortexM3\ARM_GCC_493\Debug\Magnet.o
 .debug_line    0x00000b61      0x1f2 .\CortexM3\ARM_GCC_493\Debug\Motor.o
 .debug_line    0x00000d53      0x1cd .\CortexM3\ARM_GCC_493\Debug\Nunchuk.o
 .debug_line    0x00000f20      0x26f .\CortexM3\ARM_GCC_493\Debug\Reflectance.o
 .debug_line    0x0000118f      0x212 .\CortexM3\ARM_GCC_493\Debug\Ultra.o
 .debug_line    0x000013a1      0x18d .\CortexM3\ARM_GCC_493\Debug\Beep.o
 .debug_line    0x0000152e       0x51 .\CortexM3\ARM_GCC_493\Debug\cymetadata.o
 .debug_line    0x0000157f      0x24f .\CortexM3\ARM_GCC_493\Debug\Cm3Start.o
 .debug_line    0x000017ce      0x213 .\CortexM3\ARM_GCC_493\Debug\ZumoBot.a(cyfitter_cfg.o)
 .debug_line    0x000019e1      0x1a7 .\CortexM3\ARM_GCC_493\Debug\ZumoBot.a(PWM.o)
 .debug_line    0x00001b88       0xd9 .\CortexM3\ARM_GCC_493\Debug\ZumoBot.a(I2C.o)
 .debug_line    0x00001c61      0x114 .\CortexM3\ARM_GCC_493\Debug\ZumoBot.a(I2C_INT.o)
 .debug_line    0x00001d75       0xbb .\CortexM3\ARM_GCC_493\Debug\ZumoBot.a(I2C_PM.o)
 .debug_line    0x00001e30      0x1fd .\CortexM3\ARM_GCC_493\Debug\ZumoBot.a(I2C_MASTER.o)
 .debug_line    0x0000202d      0x816 .\CortexM3\ARM_GCC_493\Debug\ZumoBot.a(CyLib.o)
 .debug_line    0x00002843      0x364 .\CortexM3\ARM_GCC_493\Debug\ZumoBot.a(cyPm.o)
 .debug_line    0x00002ba7       0x99 .\CortexM3\ARM_GCC_493\Debug\ZumoBot.a(MotorDirLeft.o)
 .debug_line    0x00002c40       0x9a .\CortexM3\ARM_GCC_493\Debug\ZumoBot.a(MotorDirRight.o)
 .debug_line    0x00002cda      0x137 .\CortexM3\ARM_GCC_493\Debug\ZumoBot.a(sensor_isr.o)
 .debug_line    0x00002e11      0x2c0 .\CortexM3\ARM_GCC_493\Debug\ZumoBot.a(UART_1.o)
 .debug_line    0x000030d1       0x98 .\CortexM3\ARM_GCC_493\Debug\ZumoBot.a(IR_receiver.o)
 .debug_line    0x00003169       0x91 .\CortexM3\ARM_GCC_493\Debug\ZumoBot.a(Trig.o)
 .debug_line    0x000031fa      0x159 .\CortexM3\ARM_GCC_493\Debug\ZumoBot.a(Timer.o)
 .debug_line    0x00003353       0x91 .\CortexM3\ARM_GCC_493\Debug\ZumoBot.a(Echo.o)
 .debug_line    0x000033e4      0x136 .\CortexM3\ARM_GCC_493\Debug\ZumoBot.a(ultra_isr.o)
 .debug_line    0x0000351a      0x17e .\CortexM3\ARM_GCC_493\Debug\ZumoBot.a(UART_1_IntClock.o)
 .debug_line    0x00003698      0x13f .\CortexM3\ARM_GCC_493\Debug\ZumoBot.a(Buzzer_PWM.o)
 .debug_line    0x000037d7       0x8f .\CortexM3\ARM_GCC_493\Debug\ZumoBot.a(L3.o)
 .debug_line    0x00003866      0x156 .\CortexM3\ARM_GCC_493\Debug\ZumoBot.a(Timer_L3.o)
 .debug_line    0x000039bc      0x156 .\CortexM3\ARM_GCC_493\Debug\ZumoBot.a(Timer_R3.o)
 .debug_line    0x00003b12      0x156 .\CortexM3\ARM_GCC_493\Debug\ZumoBot.a(Timer_R1.o)
 .debug_line    0x00003c68       0x8f .\CortexM3\ARM_GCC_493\Debug\ZumoBot.a(R1.o)
 .debug_line    0x00003cf7       0x8f .\CortexM3\ARM_GCC_493\Debug\ZumoBot.a(R3.o)
 .debug_line    0x00003d86      0x156 .\CortexM3\ARM_GCC_493\Debug\ZumoBot.a(Timer_L1.o)
 .debug_line    0x00003edc       0x8f .\CortexM3\ARM_GCC_493\Debug\ZumoBot.a(L1.o)
 .debug_line    0x00003f6b       0x66 .\CortexM3\ARM_GCC_493\Debug\ZumoBot.a(CyBootAsmGnu.o)
 .debug_line    0x00003fd1      0x1ea .\CortexM3\ARM_GCC_493\Debug\ZumoBot.a(CyFlash.o)
 .debug_line    0x000041bb      0x23c .\CortexM3\ARM_GCC_493\Debug\ZumoBot.a(CySpc.o)

.debug_frame    0x00000000     0x2884
 *(.debug_frame)
 .debug_frame   0x00000000       0x7c .\CortexM3\ARM_GCC_493\Debug\main.o
 .debug_frame   0x0000007c       0x38 .\CortexM3\ARM_GCC_493\Debug\Accel.o
 .debug_frame   0x000000b4       0x3c .\CortexM3\ARM_GCC_493\Debug\Ambient.o
 .debug_frame   0x000000f0       0x2c .\CortexM3\ARM_GCC_493\Debug\Gyro.o
 .debug_frame   0x0000011c       0x64 .\CortexM3\ARM_GCC_493\Debug\I2C_made.o
 .debug_frame   0x00000180       0xa4 .\CortexM3\ARM_GCC_493\Debug\IR.o
 .debug_frame   0x00000224       0x2c .\CortexM3\ARM_GCC_493\Debug\Magnet.o
 .debug_frame   0x00000250       0xa8 .\CortexM3\ARM_GCC_493\Debug\Motor.o
 .debug_frame   0x000002f8       0x70 .\CortexM3\ARM_GCC_493\Debug\Nunchuk.o
 .debug_frame   0x00000368       0x90 .\CortexM3\ARM_GCC_493\Debug\Reflectance.o
 .debug_frame   0x000003f8       0x74 .\CortexM3\ARM_GCC_493\Debug\Ultra.o
 .debug_frame   0x0000046c       0x30 .\CortexM3\ARM_GCC_493\Debug\Beep.o
 .debug_frame   0x0000049c       0xb8 .\CortexM3\ARM_GCC_493\Debug\Cm3Start.o
 .debug_frame   0x00000554       0xfc .\CortexM3\ARM_GCC_493\Debug\ZumoBot.a(cyfitter_cfg.o)
 .debug_frame   0x00000650      0x154 .\CortexM3\ARM_GCC_493\Debug\ZumoBot.a(PWM.o)
 .debug_frame   0x000007a4       0x94 .\CortexM3\ARM_GCC_493\Debug\ZumoBot.a(I2C.o)
 .debug_frame   0x00000838       0x30 .\CortexM3\ARM_GCC_493\Debug\ZumoBot.a(I2C_INT.o)
 .debug_frame   0x00000868       0x74 .\CortexM3\ARM_GCC_493\Debug\ZumoBot.a(I2C_PM.o)
 .debug_frame   0x000008dc      0x138 .\CortexM3\ARM_GCC_493\Debug\ZumoBot.a(I2C_MASTER.o)
 .debug_frame   0x00000a14      0x738 .\CortexM3\ARM_GCC_493\Debug\ZumoBot.a(CyLib.o)
 .debug_frame   0x0000114c      0x1f8 .\CortexM3\ARM_GCC_493\Debug\ZumoBot.a(cyPm.o)
 .debug_frame   0x00001344       0x50 .\CortexM3\ARM_GCC_493\Debug\ZumoBot.a(MotorDirLeft.o)
 .debug_frame   0x00001394       0x50 .\CortexM3\ARM_GCC_493\Debug\ZumoBot.a(MotorDirRight.o)
 .debug_frame   0x000013e4      0x104 .\CortexM3\ARM_GCC_493\Debug\ZumoBot.a(sensor_isr.o)
 .debug_frame   0x000014e8      0x250 .\CortexM3\ARM_GCC_493\Debug\ZumoBot.a(UART_1.o)
 .debug_frame   0x00001738       0x50 .\CortexM3\ARM_GCC_493\Debug\ZumoBot.a(IR_receiver.o)
 .debug_frame   0x00001788       0x50 .\CortexM3\ARM_GCC_493\Debug\ZumoBot.a(Trig.o)
 .debug_frame   0x000017d8      0x114 .\CortexM3\ARM_GCC_493\Debug\ZumoBot.a(Timer.o)
 .debug_frame   0x000018ec       0x50 .\CortexM3\ARM_GCC_493\Debug\ZumoBot.a(Echo.o)
 .debug_frame   0x0000193c      0x104 .\CortexM3\ARM_GCC_493\Debug\ZumoBot.a(ultra_isr.o)
 .debug_frame   0x00001a40       0xe0 .\CortexM3\ARM_GCC_493\Debug\ZumoBot.a(UART_1_IntClock.o)
 .debug_frame   0x00001b20       0xf8 .\CortexM3\ARM_GCC_493\Debug\ZumoBot.a(Buzzer_PWM.o)
 .debug_frame   0x00001c18       0x50 .\CortexM3\ARM_GCC_493\Debug\ZumoBot.a(L3.o)
 .debug_frame   0x00001c68      0x108 .\CortexM3\ARM_GCC_493\Debug\ZumoBot.a(Timer_L3.o)
 .debug_frame   0x00001d70      0x108 .\CortexM3\ARM_GCC_493\Debug\ZumoBot.a(Timer_R3.o)
 .debug_frame   0x00001e78      0x108 .\CortexM3\ARM_GCC_493\Debug\ZumoBot.a(Timer_R1.o)
 .debug_frame   0x00001f80       0x50 .\CortexM3\ARM_GCC_493\Debug\ZumoBot.a(R1.o)
 .debug_frame   0x00001fd0       0x50 .\CortexM3\ARM_GCC_493\Debug\ZumoBot.a(R3.o)
 .debug_frame   0x00002020      0x108 .\CortexM3\ARM_GCC_493\Debug\ZumoBot.a(Timer_L1.o)
 .debug_frame   0x00002128       0x50 .\CortexM3\ARM_GCC_493\Debug\ZumoBot.a(L1.o)
 .debug_frame   0x00002178      0x174 .\CortexM3\ARM_GCC_493\Debug\ZumoBot.a(CyFlash.o)
 .debug_frame   0x000022ec      0x160 .\CortexM3\ARM_GCC_493\Debug\ZumoBot.a(CySpc.o)
 .debug_frame   0x0000244c       0x20 c:/program files (x86)/cypress/psoc creator/4.0/psoc creator/import/gnu/arm/4.9.3/bin/../lib/gcc/arm-none-eabi/4.9.3/../../../../arm-none-eabi/lib/armv7-m\libm.a(lib_a-w_atan2.o)
 .debug_frame   0x0000246c       0x44 c:/program files (x86)/cypress/psoc creator/4.0/psoc creator/import/gnu/arm/4.9.3/bin/../lib/gcc/arm-none-eabi/4.9.3/../../../../arm-none-eabi/lib/armv7-m\libm.a(lib_a-w_pow.o)
 .debug_frame   0x000024b0       0x48 c:/program files (x86)/cypress/psoc creator/4.0/psoc creator/import/gnu/arm/4.9.3/bin/../lib/gcc/arm-none-eabi/4.9.3/../../../../arm-none-eabi/lib/armv7-m\libm.a(lib_a-e_atan2.o)
 .debug_frame   0x000024f8       0x64 c:/program files (x86)/cypress/psoc creator/4.0/psoc creator/import/gnu/arm/4.9.3/bin/../lib/gcc/arm-none-eabi/4.9.3/../../../../arm-none-eabi/lib/armv7-m\libm.a(lib_a-e_pow.o)
 .debug_frame   0x0000255c       0x30 c:/program files (x86)/cypress/psoc creator/4.0/psoc creator/import/gnu/arm/4.9.3/bin/../lib/gcc/arm-none-eabi/4.9.3/../../../../arm-none-eabi/lib/armv7-m\libm.a(lib_a-e_sqrt.o)
 .debug_frame   0x0000258c       0x38 c:/program files (x86)/cypress/psoc creator/4.0/psoc creator/import/gnu/arm/4.9.3/bin/../lib/gcc/arm-none-eabi/4.9.3/../../../../arm-none-eabi/lib/armv7-m\libm.a(lib_a-s_atan.o)
 .debug_frame   0x000025c4       0x20 c:/program files (x86)/cypress/psoc creator/4.0/psoc creator/import/gnu/arm/4.9.3/bin/../lib/gcc/arm-none-eabi/4.9.3/../../../../arm-none-eabi/lib/armv7-m\libm.a(lib_a-s_fabs.o)
 .debug_frame   0x000025e4       0x20 c:/program files (x86)/cypress/psoc creator/4.0/psoc creator/import/gnu/arm/4.9.3/bin/../lib/gcc/arm-none-eabi/4.9.3/../../../../arm-none-eabi/lib/armv7-m\libm.a(lib_a-s_finite.o)
 .debug_frame   0x00002604       0x34 c:/program files (x86)/cypress/psoc creator/4.0/psoc creator/import/gnu/arm/4.9.3/bin/../lib/gcc/arm-none-eabi/4.9.3/../../../../arm-none-eabi/lib/armv7-m\libm.a(lib_a-s_fpclassify.o)
 .debug_frame   0x00002638       0x20 c:/program files (x86)/cypress/psoc creator/4.0/psoc creator/import/gnu/arm/4.9.3/bin/../lib/gcc/arm-none-eabi/4.9.3/../../../../arm-none-eabi/lib/armv7-m\libm.a(lib_a-s_matherr.o)
 .debug_frame   0x00002658       0x20 c:/program files (x86)/cypress/psoc creator/4.0/psoc creator/import/gnu/arm/4.9.3/bin/../lib/gcc/arm-none-eabi/4.9.3/../../../../arm-none-eabi/lib/armv7-m\libm.a(lib_a-s_nan.o)
 .debug_frame   0x00002678       0x3c c:/program files (x86)/cypress/psoc creator/4.0/psoc creator/import/gnu/arm/4.9.3/bin/../lib/gcc/arm-none-eabi/4.9.3/../../../../arm-none-eabi/lib/armv7-m\libm.a(lib_a-s_rint.o)
 .debug_frame   0x000026b4       0x30 c:/program files (x86)/cypress/psoc creator/4.0/psoc creator/import/gnu/arm/4.9.3/bin/../lib/gcc/arm-none-eabi/4.9.3/../../../../arm-none-eabi/lib/armv7-m\libm.a(lib_a-s_scalbn.o)
 .debug_frame   0x000026e4       0x20 c:/program files (x86)/cypress/psoc creator/4.0/psoc creator/import/gnu/arm/4.9.3/bin/../lib/gcc/arm-none-eabi/4.9.3/../../../../arm-none-eabi/lib/armv7-m\libm.a(lib_a-s_copysign.o)
 .debug_frame   0x00002704       0x20 c:/program files (x86)/cypress/psoc creator/4.0/psoc creator/import/gnu/arm/4.9.3/bin/../lib/gcc/arm-none-eabi/4.9.3/../../../../arm-none-eabi/lib/armv7-m\libg.a(lib_a-errno.o)
 .debug_frame   0x00002724       0x28 c:/program files (x86)/cypress/psoc creator/4.0/psoc creator/import/gnu/arm/4.9.3/bin/../lib/gcc/arm-none-eabi/4.9.3/../../../../arm-none-eabi/lib/armv7-m\libg.a(lib_a-exit.o)
 .debug_frame   0x0000274c       0x2c c:/program files (x86)/cypress/psoc creator/4.0/psoc creator/import/gnu/arm/4.9.3/bin/../lib/gcc/arm-none-eabi/4.9.3/../../../../arm-none-eabi/lib/armv7-m\libg.a(lib_a-init.o)
 .debug_frame   0x00002778       0x34 c:/program files (x86)/cypress/psoc creator/4.0/psoc creator/import/gnu/arm/4.9.3/bin/../lib/gcc/arm-none-eabi/4.9.3/../../../../arm-none-eabi/lib/armv7-m\libg.a(lib_a-memset.o)
 .debug_frame   0x000027ac       0x50 c:/program files (x86)/cypress/psoc creator/4.0/psoc creator/import/gnu/arm/4.9.3/bin/../lib/gcc/arm-none-eabi/4.9.3/../../../../arm-none-eabi/lib/armv7-m\libg.a(lib_a-__call_atexit.o)
 .debug_frame   0x000027fc       0x20 c:/program files (x86)/cypress/psoc creator/4.0/psoc creator/import/gnu/arm/4.9.3/bin/../lib/gcc/arm-none-eabi/4.9.3/../../../../arm-none-eabi/lib/armv7-m\libg.a(lib_a-atexit.o)
 .debug_frame   0x0000281c       0x34 c:/program files (x86)/cypress/psoc creator/4.0/psoc creator/import/gnu/arm/4.9.3/bin/../lib/gcc/arm-none-eabi/4.9.3/../../../../arm-none-eabi/lib/armv7-m\libg.a(lib_a-fini.o)
 .debug_frame   0x00002850       0x34 c:/program files (x86)/cypress/psoc creator/4.0/psoc creator/import/gnu/arm/4.9.3/bin/../lib/gcc/arm-none-eabi/4.9.3/../../../../arm-none-eabi/lib/armv7-m\libg.a(lib_a-__atexit.o)

.debug_str      0x00000000     0x2e21
 *(.debug_str)
 .debug_str     0x00000000      0x1c2 .\CortexM3\ARM_GCC_493\Debug\main.o
                                0x217 (size before relaxing)
 .debug_str     0x000001c2       0x5e .\CortexM3\ARM_GCC_493\Debug\Accel.o
                                0x1f4 (size before relaxing)
 .debug_str     0x00000220       0x2a .\CortexM3\ARM_GCC_493\Debug\Ambient.o
                                0x1a8 (size before relaxing)
 .debug_str     0x0000024a       0x39 .\CortexM3\ARM_GCC_493\Debug\Gyro.o
                                0x1ca (size before relaxing)
 .debug_str     0x00000283       0xa9 .\CortexM3\ARM_GCC_493\Debug\I2C_made.o
                                0x253 (size before relaxing)
 .debug_str     0x0000032c       0x68 .\CortexM3\ARM_GCC_493\Debug\IR.o
                                0x204 (size before relaxing)
 .debug_str     0x00000394       0x1d .\CortexM3\ARM_GCC_493\Debug\Magnet.o
                                0x1d6 (size before relaxing)
 .debug_str     0x000003b1       0x8f .\CortexM3\ARM_GCC_493\Debug\Motor.o
                                0x26c (size before relaxing)
 .debug_str     0x00000440       0x52 .\CortexM3\ARM_GCC_493\Debug\Nunchuk.o
                                0x24c (size before relaxing)
 .debug_str     0x00000492      0x2c3 .\CortexM3\ARM_GCC_493\Debug\Reflectance.o
                                0x47e (size before relaxing)
 .debug_str     0x00000755      0x283 .\CortexM3\ARM_GCC_493\Debug\Ultra.o
                                0x46b (size before relaxing)
 .debug_str     0x000009d8       0x75 .\CortexM3\ARM_GCC_493\Debug\Beep.o
                                0x214 (size before relaxing)
 .debug_str     0x00000a4d       0x75 .\CortexM3\ARM_GCC_493\Debug\cymetadata.o
                                0x1e6 (size before relaxing)
 .debug_str     0x00000ac2      0x14b .\CortexM3\ARM_GCC_493\Debug\Cm3Start.o
                                0x2fa (size before relaxing)
 .debug_str     0x00000c0d      0x183 .\CortexM3\ARM_GCC_493\Debug\ZumoBot.a(cyfitter_cfg.o)
                                0x33e (size before relaxing)
 .debug_str     0x00000d90       0xeb .\CortexM3\ARM_GCC_493\Debug\ZumoBot.a(PWM.o)
                                0x340 (size before relaxing)
 .debug_str     0x00000e7b       0xfd .\CortexM3\ARM_GCC_493\Debug\ZumoBot.a(I2C.o)
                                0x2de (size before relaxing)
 .debug_str     0x00000f78       0x86 .\CortexM3\ARM_GCC_493\Debug\ZumoBot.a(I2C_INT.o)
                                0x24f (size before relaxing)
 .debug_str     0x00000ffe       0x56 .\CortexM3\ARM_GCC_493\Debug\ZumoBot.a(I2C_PM.o)
                                0x26d (size before relaxing)
 .debug_str     0x00001054      0x129 .\CortexM3\ARM_GCC_493\Debug\ZumoBot.a(I2C_MASTER.o)
                                0x394 (size before relaxing)
 .debug_str     0x0000117d      0x7a7 .\CortexM3\ARM_GCC_493\Debug\ZumoBot.a(CyLib.o)
                                0xa37 (size before relaxing)
 .debug_str     0x00001924      0x359 .\CortexM3\ARM_GCC_493\Debug\ZumoBot.a(cyPm.o)
                                0x717 (size before relaxing)
 .debug_str     0x00001c7d       0x76 .\CortexM3\ARM_GCC_493\Debug\ZumoBot.a(MotorDirLeft.o)
                                0x201 (size before relaxing)
 .debug_str     0x00001cf3       0x6f .\CortexM3\ARM_GCC_493\Debug\ZumoBot.a(MotorDirRight.o)
                                0x206 (size before relaxing)
 .debug_str     0x00001d62      0x119 .\CortexM3\ARM_GCC_493\Debug\ZumoBot.a(sensor_isr.o)
                                0x2dc (size before relaxing)
 .debug_str     0x00001e7b      0x2b2 .\CortexM3\ARM_GCC_493\Debug\ZumoBot.a(UART_1.o)
                                0x4a3 (size before relaxing)
 .debug_str     0x0000212d       0x68 .\CortexM3\ARM_GCC_493\Debug\ZumoBot.a(IR_receiver.o)
                                0x1fc (size before relaxing)
 .debug_str     0x00002195       0x4b .\CortexM3\ARM_GCC_493\Debug\ZumoBot.a(Trig.o)
                                0x1d9 (size before relaxing)
 .debug_str     0x000021e0       0xf3 .\CortexM3\ARM_GCC_493\Debug\ZumoBot.a(Timer.o)
                                0x315 (size before relaxing)
 .debug_str     0x000022d3       0x4c .\CortexM3\ARM_GCC_493\Debug\ZumoBot.a(Echo.o)
                                0x1d9 (size before relaxing)
 .debug_str     0x0000231f      0x10c .\CortexM3\ARM_GCC_493\Debug\ZumoBot.a(ultra_isr.o)
                                0x2ce (size before relaxing)
 .debug_str     0x0000242b      0x197 .\CortexM3\ARM_GCC_493\Debug\ZumoBot.a(UART_1_IntClock.o)
                                0x34a (size before relaxing)
 .debug_str     0x000025c2      0x10b .\CortexM3\ARM_GCC_493\Debug\ZumoBot.a(Buzzer_PWM.o)
                                0x2fc (size before relaxing)
 .debug_str     0x000026cd       0x33 .\CortexM3\ARM_GCC_493\Debug\ZumoBot.a(L3.o)
                                0x1cf (size before relaxing)
 .debug_str     0x00002700      0x119 .\CortexM3\ARM_GCC_493\Debug\ZumoBot.a(Timer_L3.o)
                                0x315 (size before relaxing)
 .debug_str     0x00002819      0x10d .\CortexM3\ARM_GCC_493\Debug\ZumoBot.a(Timer_R3.o)
                                0x315 (size before relaxing)
 .debug_str     0x00002926      0x10d .\CortexM3\ARM_GCC_493\Debug\ZumoBot.a(Timer_R1.o)
                                0x315 (size before relaxing)
 .debug_str     0x00002a33       0x33 .\CortexM3\ARM_GCC_493\Debug\ZumoBot.a(R1.o)
                                0x1cf (size before relaxing)
 .debug_str     0x00002a66       0x33 .\CortexM3\ARM_GCC_493\Debug\ZumoBot.a(R3.o)
                                0x1cf (size before relaxing)
 .debug_str     0x00002a99      0x10d .\CortexM3\ARM_GCC_493\Debug\ZumoBot.a(Timer_L1.o)
                                0x315 (size before relaxing)
 .debug_str     0x00002ba6       0x33 .\CortexM3\ARM_GCC_493\Debug\ZumoBot.a(L1.o)
                                0x1cf (size before relaxing)
 .debug_str     0x00002bd9      0x19c .\CortexM3\ARM_GCC_493\Debug\ZumoBot.a(CyFlash.o)
                                0x391 (size before relaxing)
 .debug_str     0x00002d75       0xac .\CortexM3\ARM_GCC_493\Debug\ZumoBot.a(CySpc.o)
                                0x31a (size before relaxing)

.debug_loc      0x00000000     0x2d45
 *(.debug_loc)
 .debug_loc     0x00000000      0x14e .\CortexM3\ARM_GCC_493\Debug\main.o
 .debug_loc     0x0000014e       0x63 .\CortexM3\ARM_GCC_493\Debug\Accel.o
 .debug_loc     0x000001b1      0x154 .\CortexM3\ARM_GCC_493\Debug\Ambient.o
 .debug_loc     0x00000305       0x34 .\CortexM3\ARM_GCC_493\Debug\Gyro.o
 .debug_loc     0x00000339       0xe0 .\CortexM3\ARM_GCC_493\Debug\I2C_made.o
 .debug_loc     0x00000419       0xf3 .\CortexM3\ARM_GCC_493\Debug\IR.o
 .debug_loc     0x0000050c       0x50 .\CortexM3\ARM_GCC_493\Debug\Magnet.o
 .debug_loc     0x0000055c       0xde .\CortexM3\ARM_GCC_493\Debug\Motor.o
 .debug_loc     0x0000063a       0x44 .\CortexM3\ARM_GCC_493\Debug\Nunchuk.o
 .debug_loc     0x0000067e       0x8e .\CortexM3\ARM_GCC_493\Debug\Reflectance.o
 .debug_loc     0x0000070c       0x2b .\CortexM3\ARM_GCC_493\Debug\Ultra.o
 .debug_loc     0x00000737       0x3f .\CortexM3\ARM_GCC_493\Debug\Beep.o
 .debug_loc     0x00000776      0x144 .\CortexM3\ARM_GCC_493\Debug\Cm3Start.o
 .debug_loc     0x000008ba      0x27f .\CortexM3\ARM_GCC_493\Debug\ZumoBot.a(cyfitter_cfg.o)
 .debug_loc     0x00000b39       0x26 .\CortexM3\ARM_GCC_493\Debug\ZumoBot.a(PWM.o)
 .debug_loc     0x00000b5f       0x39 .\CortexM3\ARM_GCC_493\Debug\ZumoBot.a(I2C.o)
 .debug_loc     0x00000b98       0x29 .\CortexM3\ARM_GCC_493\Debug\ZumoBot.a(I2C_INT.o)
 .debug_loc     0x00000bc1       0x13 .\CortexM3\ARM_GCC_493\Debug\ZumoBot.a(I2C_PM.o)
 .debug_loc     0x00000bd4      0x52f .\CortexM3\ARM_GCC_493\Debug\ZumoBot.a(I2C_MASTER.o)
 .debug_loc     0x00001103      0xa11 .\CortexM3\ARM_GCC_493\Debug\ZumoBot.a(CyLib.o)
 .debug_loc     0x00001b14      0x1e4 .\CortexM3\ARM_GCC_493\Debug\ZumoBot.a(cyPm.o)
 .debug_loc     0x00001cf8       0x55 .\CortexM3\ARM_GCC_493\Debug\ZumoBot.a(MotorDirLeft.o)
 .debug_loc     0x00001d4d       0x42 .\CortexM3\ARM_GCC_493\Debug\ZumoBot.a(MotorDirRight.o)
 .debug_loc     0x00001d8f       0x56 .\CortexM3\ARM_GCC_493\Debug\ZumoBot.a(sensor_isr.o)
 .debug_loc     0x00001de5      0x258 .\CortexM3\ARM_GCC_493\Debug\ZumoBot.a(UART_1.o)
 .debug_loc     0x0000203d       0x55 .\CortexM3\ARM_GCC_493\Debug\ZumoBot.a(IR_receiver.o)
 .debug_loc     0x00002092       0x55 .\CortexM3\ARM_GCC_493\Debug\ZumoBot.a(Trig.o)
 .debug_loc     0x000020e7       0x36 .\CortexM3\ARM_GCC_493\Debug\ZumoBot.a(Timer.o)
 .debug_loc     0x0000211d       0x42 .\CortexM3\ARM_GCC_493\Debug\ZumoBot.a(Echo.o)
 .debug_loc     0x0000215f       0x56 .\CortexM3\ARM_GCC_493\Debug\ZumoBot.a(ultra_isr.o)
 .debug_loc     0x000021b5      0x128 .\CortexM3\ARM_GCC_493\Debug\ZumoBot.a(UART_1_IntClock.o)
 .debug_loc     0x000022dd       0x13 .\CortexM3\ARM_GCC_493\Debug\ZumoBot.a(Buzzer_PWM.o)
 .debug_loc     0x000022f0       0x42 .\CortexM3\ARM_GCC_493\Debug\ZumoBot.a(L3.o)
 .debug_loc     0x00002332       0x42 .\CortexM3\ARM_GCC_493\Debug\ZumoBot.a(R1.o)
 .debug_loc     0x00002374       0x42 .\CortexM3\ARM_GCC_493\Debug\ZumoBot.a(R3.o)
 .debug_loc     0x000023b6       0x42 .\CortexM3\ARM_GCC_493\Debug\ZumoBot.a(L1.o)
 .debug_loc     0x000023f8      0x300 .\CortexM3\ARM_GCC_493\Debug\ZumoBot.a(CyFlash.o)
 .debug_loc     0x000026f8      0x64d .\CortexM3\ARM_GCC_493\Debug\ZumoBot.a(CySpc.o)

.debug_macinfo
 *(.debug_macinfo)

.debug_ranges   0x00000000      0xd90
 *(.debug_ranges)
 .debug_ranges  0x00000000       0x20 .\CortexM3\ARM_GCC_493\Debug\main.o
 .debug_ranges  0x00000020       0x10 .\CortexM3\ARM_GCC_493\Debug\Accel.o
 .debug_ranges  0x00000030       0x10 .\CortexM3\ARM_GCC_493\Debug\Ambient.o
 .debug_ranges  0x00000040       0x10 .\CortexM3\ARM_GCC_493\Debug\Gyro.o
 .debug_ranges  0x00000050       0x20 .\CortexM3\ARM_GCC_493\Debug\I2C_made.o
 .debug_ranges  0x00000070       0x30 .\CortexM3\ARM_GCC_493\Debug\IR.o
 .debug_ranges  0x000000a0       0x10 .\CortexM3\ARM_GCC_493\Debug\Magnet.o
 .debug_ranges  0x000000b0       0x30 .\CortexM3\ARM_GCC_493\Debug\Motor.o
 .debug_ranges  0x000000e0       0x20 .\CortexM3\ARM_GCC_493\Debug\Nunchuk.o
 .debug_ranges  0x00000100       0x30 .\CortexM3\ARM_GCC_493\Debug\Reflectance.o
 .debug_ranges  0x00000130       0x28 .\CortexM3\ARM_GCC_493\Debug\Ultra.o
 .debug_ranges  0x00000158       0x10 .\CortexM3\ARM_GCC_493\Debug\Beep.o
 .debug_ranges  0x00000168       0x38 .\CortexM3\ARM_GCC_493\Debug\Cm3Start.o
 .debug_ranges  0x000001a0       0x48 .\CortexM3\ARM_GCC_493\Debug\ZumoBot.a(cyfitter_cfg.o)
 .debug_ranges  0x000001e8       0x98 .\CortexM3\ARM_GCC_493\Debug\ZumoBot.a(PWM.o)
 .debug_ranges  0x00000280       0x28 .\CortexM3\ARM_GCC_493\Debug\ZumoBot.a(I2C.o)
 .debug_ranges  0x000002a8       0x10 .\CortexM3\ARM_GCC_493\Debug\ZumoBot.a(I2C_INT.o)
 .debug_ranges  0x000002b8       0x28 .\CortexM3\ARM_GCC_493\Debug\ZumoBot.a(I2C_PM.o)
 .debug_ranges  0x000002e0       0x70 .\CortexM3\ARM_GCC_493\Debug\ZumoBot.a(I2C_MASTER.o)
 .debug_ranges  0x00000350      0x290 .\CortexM3\ARM_GCC_493\Debug\ZumoBot.a(CyLib.o)
 .debug_ranges  0x000005e0       0x88 .\CortexM3\ARM_GCC_493\Debug\ZumoBot.a(cyPm.o)
 .debug_ranges  0x00000668       0x28 .\CortexM3\ARM_GCC_493\Debug\ZumoBot.a(MotorDirLeft.o)
 .debug_ranges  0x00000690       0x28 .\CortexM3\ARM_GCC_493\Debug\ZumoBot.a(MotorDirRight.o)
 .debug_ranges  0x000006b8       0x70 .\CortexM3\ARM_GCC_493\Debug\ZumoBot.a(sensor_isr.o)
 .debug_ranges  0x00000728       0xe0 .\CortexM3\ARM_GCC_493\Debug\ZumoBot.a(UART_1.o)
 .debug_ranges  0x00000808       0x28 .\CortexM3\ARM_GCC_493\Debug\ZumoBot.a(IR_receiver.o)
 .debug_ranges  0x00000830       0x28 .\CortexM3\ARM_GCC_493\Debug\ZumoBot.a(Trig.o)
 .debug_ranges  0x00000858       0x78 .\CortexM3\ARM_GCC_493\Debug\ZumoBot.a(Timer.o)
 .debug_ranges  0x000008d0       0x28 .\CortexM3\ARM_GCC_493\Debug\ZumoBot.a(Echo.o)
 .debug_ranges  0x000008f8       0x70 .\CortexM3\ARM_GCC_493\Debug\ZumoBot.a(ultra_isr.o)
 .debug_ranges  0x00000968       0x60 .\CortexM3\ARM_GCC_493\Debug\ZumoBot.a(UART_1_IntClock.o)
 .debug_ranges  0x000009c8       0x70 .\CortexM3\ARM_GCC_493\Debug\ZumoBot.a(Buzzer_PWM.o)
 .debug_ranges  0x00000a38       0x28 .\CortexM3\ARM_GCC_493\Debug\ZumoBot.a(L3.o)
 .debug_ranges  0x00000a60       0x78 .\CortexM3\ARM_GCC_493\Debug\ZumoBot.a(Timer_L3.o)
 .debug_ranges  0x00000ad8       0x78 .\CortexM3\ARM_GCC_493\Debug\ZumoBot.a(Timer_R3.o)
 .debug_ranges  0x00000b50       0x78 .\CortexM3\ARM_GCC_493\Debug\ZumoBot.a(Timer_R1.o)
 .debug_ranges  0x00000bc8       0x28 .\CortexM3\ARM_GCC_493\Debug\ZumoBot.a(R1.o)
 .debug_ranges  0x00000bf0       0x28 .\CortexM3\ARM_GCC_493\Debug\ZumoBot.a(R3.o)
 .debug_ranges  0x00000c18       0x78 .\CortexM3\ARM_GCC_493\Debug\ZumoBot.a(Timer_L1.o)
 .debug_ranges  0x00000c90       0x28 .\CortexM3\ARM_GCC_493\Debug\ZumoBot.a(L1.o)
 .debug_ranges  0x00000cb8       0x70 .\CortexM3\ARM_GCC_493\Debug\ZumoBot.a(CyFlash.o)
 .debug_ranges  0x00000d28       0x68 .\CortexM3\ARM_GCC_493\Debug\ZumoBot.a(CySpc.o)

.comment        0x00000000       0x70
 .comment       0x00000000       0x70 .\CortexM3\ARM_GCC_493\Debug\main.o
                                 0x71 (size before relaxing)
 .comment       0x00000000       0x71 .\CortexM3\ARM_GCC_493\Debug\Accel.o
 .comment       0x00000000       0x71 .\CortexM3\ARM_GCC_493\Debug\Ambient.o
 .comment       0x00000000       0x71 .\CortexM3\ARM_GCC_493\Debug\Gyro.o
 .comment       0x00000000       0x71 .\CortexM3\ARM_GCC_493\Debug\I2C_made.o
 .comment       0x00000000       0x71 .\CortexM3\ARM_GCC_493\Debug\IR.o
 .comment       0x00000000       0x71 .\CortexM3\ARM_GCC_493\Debug\Magnet.o
 .comment       0x00000000       0x71 .\CortexM3\ARM_GCC_493\Debug\Motor.o
 .comment       0x00000000       0x71 .\CortexM3\ARM_GCC_493\Debug\Nunchuk.o
 .comment       0x00000000       0x71 .\CortexM3\ARM_GCC_493\Debug\Reflectance.o
 .comment       0x00000000       0x71 .\CortexM3\ARM_GCC_493\Debug\Ultra.o
 .comment       0x00000000       0x71 .\CortexM3\ARM_GCC_493\Debug\Beep.o
 .comment       0x00000000       0x71 .\CortexM3\ARM_GCC_493\Debug\cymetadata.o
 .comment       0x00000000       0x71 .\CortexM3\ARM_GCC_493\Debug\Cm3Start.o
 .comment       0x00000000       0x71 .\CortexM3\ARM_GCC_493\Debug\ZumoBot.a(cyfitter_cfg.o)
 .comment       0x00000000       0x71 .\CortexM3\ARM_GCC_493\Debug\ZumoBot.a(PWM.o)
 .comment       0x00000000       0x71 .\CortexM3\ARM_GCC_493\Debug\ZumoBot.a(I2C.o)
 .comment       0x00000000       0x71 .\CortexM3\ARM_GCC_493\Debug\ZumoBot.a(I2C_INT.o)
 .comment       0x00000000       0x71 .\CortexM3\ARM_GCC_493\Debug\ZumoBot.a(I2C_PM.o)
 .comment       0x00000000       0x71 .\CortexM3\ARM_GCC_493\Debug\ZumoBot.a(I2C_MASTER.o)
 .comment       0x00000000       0x71 .\CortexM3\ARM_GCC_493\Debug\ZumoBot.a(CyLib.o)
 .comment       0x00000000       0x71 .\CortexM3\ARM_GCC_493\Debug\ZumoBot.a(cyPm.o)
 .comment       0x00000000       0x71 .\CortexM3\ARM_GCC_493\Debug\ZumoBot.a(MotorDirLeft.o)
 .comment       0x00000000       0x71 .\CortexM3\ARM_GCC_493\Debug\ZumoBot.a(MotorDirRight.o)
 .comment       0x00000000       0x71 .\CortexM3\ARM_GCC_493\Debug\ZumoBot.a(sensor_isr.o)
 .comment       0x00000000       0x71 .\CortexM3\ARM_GCC_493\Debug\ZumoBot.a(UART_1.o)
 .comment       0x00000000       0x71 .\CortexM3\ARM_GCC_493\Debug\ZumoBot.a(IR_receiver.o)
 .comment       0x00000000       0x71 .\CortexM3\ARM_GCC_493\Debug\ZumoBot.a(Trig.o)
 .comment       0x00000000       0x71 .\CortexM3\ARM_GCC_493\Debug\ZumoBot.a(Timer.o)
 .comment       0x00000000       0x71 .\CortexM3\ARM_GCC_493\Debug\ZumoBot.a(Echo.o)
 .comment       0x00000000       0x71 .\CortexM3\ARM_GCC_493\Debug\ZumoBot.a(ultra_isr.o)
 .comment       0x00000000       0x71 .\CortexM3\ARM_GCC_493\Debug\ZumoBot.a(UART_1_IntClock.o)
 .comment       0x00000000       0x71 .\CortexM3\ARM_GCC_493\Debug\ZumoBot.a(Buzzer_PWM.o)
 .comment       0x00000000       0x71 .\CortexM3\ARM_GCC_493\Debug\ZumoBot.a(L3.o)
 .comment       0x00000000       0x71 .\CortexM3\ARM_GCC_493\Debug\ZumoBot.a(Timer_L3.o)
 .comment       0x00000000       0x71 .\CortexM3\ARM_GCC_493\Debug\ZumoBot.a(Timer_R3.o)
 .comment       0x00000000       0x71 .\CortexM3\ARM_GCC_493\Debug\ZumoBot.a(Timer_R1.o)
 .comment       0x00000000       0x71 .\CortexM3\ARM_GCC_493\Debug\ZumoBot.a(R1.o)
 .comment       0x00000000       0x71 .\CortexM3\ARM_GCC_493\Debug\ZumoBot.a(R3.o)
 .comment       0x00000000       0x71 .\CortexM3\ARM_GCC_493\Debug\ZumoBot.a(Timer_L1.o)
 .comment       0x00000000       0x71 .\CortexM3\ARM_GCC_493\Debug\ZumoBot.a(L1.o)
 .comment       0x00000000       0x71 .\CortexM3\ARM_GCC_493\Debug\ZumoBot.a(CyFlash.o)
 .comment       0x00000000       0x71 .\CortexM3\ARM_GCC_493\Debug\ZumoBot.a(CySpc.o)

.debug_weaknames
 *(.debug_weaknames)

.debug_funcnames
 *(.debug_funcnames)

.debug_typenames
 *(.debug_typenames)

.debug_varnames
 *(.debug_varnames)

.note.gnu.arm.ident
 *(.note.gnu.arm.ident)

.ARM.attributes
                0x00000000       0x29
 *(.ARM.attributes)
 .ARM.attributes
                0x00000000       0x1d c:/program files (x86)/cypress/psoc creator/4.0/psoc creator/import/gnu/arm/4.9.3/bin/../lib/gcc/arm-none-eabi/4.9.3/armv7-m/crti.o
 .ARM.attributes
                0x0000001d       0x2d c:/program files (x86)/cypress/psoc creator/4.0/psoc creator/import/gnu/arm/4.9.3/bin/../lib/gcc/arm-none-eabi/4.9.3/armv7-m/crtbegin.o
 .ARM.attributes
                0x0000004a       0x1b c:/program files (x86)/cypress/psoc creator/4.0/psoc creator/import/gnu/arm/4.9.3/bin/../lib/gcc/arm-none-eabi/4.9.3/../../../../arm-none-eabi/lib/armv7-m/crt0.o
 .ARM.attributes
                0x00000065       0x33 .\CortexM3\ARM_GCC_493\Debug\main.o
 .ARM.attributes
                0x00000098       0x33 .\CortexM3\ARM_GCC_493\Debug\Accel.o
 .ARM.attributes
                0x000000cb       0x33 .\CortexM3\ARM_GCC_493\Debug\Ambient.o
 .ARM.attributes
                0x000000fe       0x33 .\CortexM3\ARM_GCC_493\Debug\Gyro.o
 .ARM.attributes
                0x00000131       0x33 .\CortexM3\ARM_GCC_493\Debug\I2C_made.o
 .ARM.attributes
                0x00000164       0x33 .\CortexM3\ARM_GCC_493\Debug\IR.o
 .ARM.attributes
                0x00000197       0x33 .\CortexM3\ARM_GCC_493\Debug\Magnet.o
 .ARM.attributes
                0x000001ca       0x33 .\CortexM3\ARM_GCC_493\Debug\Motor.o
 .ARM.attributes
                0x000001fd       0x33 .\CortexM3\ARM_GCC_493\Debug\Nunchuk.o
 .ARM.attributes
                0x00000230       0x33 .\CortexM3\ARM_GCC_493\Debug\Reflectance.o
 .ARM.attributes
                0x00000263       0x33 .\CortexM3\ARM_GCC_493\Debug\Ultra.o
 .ARM.attributes
                0x00000296       0x33 .\CortexM3\ARM_GCC_493\Debug\Beep.o
 .ARM.attributes
                0x000002c9       0x33 .\CortexM3\ARM_GCC_493\Debug\cymetadata.o
 .ARM.attributes
                0x000002fc       0x33 .\CortexM3\ARM_GCC_493\Debug\Cm3Start.o
 .ARM.attributes
                0x0000032f       0x33 .\CortexM3\ARM_GCC_493\Debug\ZumoBot.a(cyfitter_cfg.o)
 .ARM.attributes
                0x00000362       0x33 .\CortexM3\ARM_GCC_493\Debug\ZumoBot.a(PWM.o)
 .ARM.attributes
                0x00000395       0x33 .\CortexM3\ARM_GCC_493\Debug\ZumoBot.a(I2C.o)
 .ARM.attributes
                0x000003c8       0x33 .\CortexM3\ARM_GCC_493\Debug\ZumoBot.a(I2C_INT.o)
 .ARM.attributes
                0x000003fb       0x33 .\CortexM3\ARM_GCC_493\Debug\ZumoBot.a(I2C_PM.o)
 .ARM.attributes
                0x0000042e       0x33 .\CortexM3\ARM_GCC_493\Debug\ZumoBot.a(I2C_MASTER.o)
 .ARM.attributes
                0x00000461       0x33 .\CortexM3\ARM_GCC_493\Debug\ZumoBot.a(CyLib.o)
 .ARM.attributes
                0x00000494       0x33 .\CortexM3\ARM_GCC_493\Debug\ZumoBot.a(cyPm.o)
 .ARM.attributes
                0x000004c7       0x33 .\CortexM3\ARM_GCC_493\Debug\ZumoBot.a(MotorDirLeft.o)
 .ARM.attributes
                0x000004fa       0x33 .\CortexM3\ARM_GCC_493\Debug\ZumoBot.a(MotorDirRight.o)
 .ARM.attributes
                0x0000052d       0x33 .\CortexM3\ARM_GCC_493\Debug\ZumoBot.a(sensor_isr.o)
 .ARM.attributes
                0x00000560       0x33 .\CortexM3\ARM_GCC_493\Debug\ZumoBot.a(UART_1.o)
 .ARM.attributes
                0x00000593       0x33 .\CortexM3\ARM_GCC_493\Debug\ZumoBot.a(IR_receiver.o)
 .ARM.attributes
                0x000005c6       0x33 .\CortexM3\ARM_GCC_493\Debug\ZumoBot.a(Trig.o)
 .ARM.attributes
                0x000005f9       0x33 .\CortexM3\ARM_GCC_493\Debug\ZumoBot.a(Timer.o)
 .ARM.attributes
                0x0000062c       0x33 .\CortexM3\ARM_GCC_493\Debug\ZumoBot.a(Echo.o)
 .ARM.attributes
                0x0000065f       0x33 .\CortexM3\ARM_GCC_493\Debug\ZumoBot.a(ultra_isr.o)
 .ARM.attributes
                0x00000692       0x33 .\CortexM3\ARM_GCC_493\Debug\ZumoBot.a(UART_1_IntClock.o)
 .ARM.attributes
                0x000006c5       0x33 .\CortexM3\ARM_GCC_493\Debug\ZumoBot.a(Buzzer_PWM.o)
 .ARM.attributes
                0x000006f8       0x33 .\CortexM3\ARM_GCC_493\Debug\ZumoBot.a(L3.o)
 .ARM.attributes
                0x0000072b       0x33 .\CortexM3\ARM_GCC_493\Debug\ZumoBot.a(Timer_L3.o)
 .ARM.attributes
                0x0000075e       0x33 .\CortexM3\ARM_GCC_493\Debug\ZumoBot.a(Timer_R3.o)
 .ARM.attributes
                0x00000791       0x33 .\CortexM3\ARM_GCC_493\Debug\ZumoBot.a(Timer_R1.o)
 .ARM.attributes
                0x000007c4       0x33 .\CortexM3\ARM_GCC_493\Debug\ZumoBot.a(R1.o)
 .ARM.attributes
                0x000007f7       0x33 .\CortexM3\ARM_GCC_493\Debug\ZumoBot.a(R3.o)
 .ARM.attributes
                0x0000082a       0x33 .\CortexM3\ARM_GCC_493\Debug\ZumoBot.a(Timer_L1.o)
 .ARM.attributes
                0x0000085d       0x33 .\CortexM3\ARM_GCC_493\Debug\ZumoBot.a(L1.o)
 .ARM.attributes
                0x00000890       0x21 .\CortexM3\ARM_GCC_493\Debug\ZumoBot.a(CyBootAsmGnu.o)
 .ARM.attributes
                0x000008b1       0x33 .\CortexM3\ARM_GCC_493\Debug\ZumoBot.a(CyFlash.o)
 .ARM.attributes
                0x000008e4       0x33 .\CortexM3\ARM_GCC_493\Debug\ZumoBot.a(CySpc.o)
 .ARM.attributes
                0x00000917       0x2d c:/program files (x86)/cypress/psoc creator/4.0/psoc creator/import/gnu/arm/4.9.3/bin/../lib/gcc/arm-none-eabi/4.9.3/../../../../arm-none-eabi/lib/armv7-m\libm.a(lib_a-w_atan2.o)
 .ARM.attributes
                0x00000944       0x2d c:/program files (x86)/cypress/psoc creator/4.0/psoc creator/import/gnu/arm/4.9.3/bin/../lib/gcc/arm-none-eabi/4.9.3/../../../../arm-none-eabi/lib/armv7-m\libm.a(lib_a-w_pow.o)
 .ARM.attributes
                0x00000971       0x2d c:/program files (x86)/cypress/psoc creator/4.0/psoc creator/import/gnu/arm/4.9.3/bin/../lib/gcc/arm-none-eabi/4.9.3/../../../../arm-none-eabi/lib/armv7-m\libm.a(lib_a-e_atan2.o)
 .ARM.attributes
                0x0000099e       0x2d c:/program files (x86)/cypress/psoc creator/4.0/psoc creator/import/gnu/arm/4.9.3/bin/../lib/gcc/arm-none-eabi/4.9.3/../../../../arm-none-eabi/lib/armv7-m\libm.a(lib_a-e_pow.o)
 .ARM.attributes
                0x000009cb       0x2d c:/program files (x86)/cypress/psoc creator/4.0/psoc creator/import/gnu/arm/4.9.3/bin/../lib/gcc/arm-none-eabi/4.9.3/../../../../arm-none-eabi/lib/armv7-m\libm.a(lib_a-e_sqrt.o)
 .ARM.attributes
                0x000009f8       0x2d c:/program files (x86)/cypress/psoc creator/4.0/psoc creator/import/gnu/arm/4.9.3/bin/../lib/gcc/arm-none-eabi/4.9.3/../../../../arm-none-eabi/lib/armv7-m\libm.a(lib_a-s_atan.o)
 .ARM.attributes
                0x00000a25       0x2d c:/program files (x86)/cypress/psoc creator/4.0/psoc creator/import/gnu/arm/4.9.3/bin/../lib/gcc/arm-none-eabi/4.9.3/../../../../arm-none-eabi/lib/armv7-m\libm.a(lib_a-s_fabs.o)
 .ARM.attributes
                0x00000a52       0x2d c:/program files (x86)/cypress/psoc creator/4.0/psoc creator/import/gnu/arm/4.9.3/bin/../lib/gcc/arm-none-eabi/4.9.3/../../../../arm-none-eabi/lib/armv7-m\libm.a(lib_a-s_finite.o)
 .ARM.attributes
                0x00000a7f       0x2d c:/program files (x86)/cypress/psoc creator/4.0/psoc creator/import/gnu/arm/4.9.3/bin/../lib/gcc/arm-none-eabi/4.9.3/../../../../arm-none-eabi/lib/armv7-m\libm.a(lib_a-s_fpclassify.o)
 .ARM.attributes
                0x00000aac       0x2d c:/program files (x86)/cypress/psoc creator/4.0/psoc creator/import/gnu/arm/4.9.3/bin/../lib/gcc/arm-none-eabi/4.9.3/../../../../arm-none-eabi/lib/armv7-m\libm.a(lib_a-s_lib_ver.o)
 .ARM.attributes
                0x00000ad9       0x2d c:/program files (x86)/cypress/psoc creator/4.0/psoc creator/import/gnu/arm/4.9.3/bin/../lib/gcc/arm-none-eabi/4.9.3/../../../../arm-none-eabi/lib/armv7-m\libm.a(lib_a-s_matherr.o)
 .ARM.attributes
                0x00000b06       0x2d c:/program files (x86)/cypress/psoc creator/4.0/psoc creator/import/gnu/arm/4.9.3/bin/../lib/gcc/arm-none-eabi/4.9.3/../../../../arm-none-eabi/lib/armv7-m\libm.a(lib_a-s_nan.o)
 .ARM.attributes
                0x00000b33       0x2d c:/program files (x86)/cypress/psoc creator/4.0/psoc creator/import/gnu/arm/4.9.3/bin/../lib/gcc/arm-none-eabi/4.9.3/../../../../arm-none-eabi/lib/armv7-m\libm.a(lib_a-s_rint.o)
 .ARM.attributes
                0x00000b60       0x2d c:/program files (x86)/cypress/psoc creator/4.0/psoc creator/import/gnu/arm/4.9.3/bin/../lib/gcc/arm-none-eabi/4.9.3/../../../../arm-none-eabi/lib/armv7-m\libm.a(lib_a-s_scalbn.o)
 .ARM.attributes
                0x00000b8d       0x2d c:/program files (x86)/cypress/psoc creator/4.0/psoc creator/import/gnu/arm/4.9.3/bin/../lib/gcc/arm-none-eabi/4.9.3/../../../../arm-none-eabi/lib/armv7-m\libm.a(lib_a-s_copysign.o)
 .ARM.attributes
                0x00000bba       0x1d c:/program files (x86)/cypress/psoc creator/4.0/psoc creator/import/gnu/arm/4.9.3/bin/../lib/gcc/arm-none-eabi/4.9.3/armv7-m\libgcc.a(_arm_addsubdf3.o)
 .ARM.attributes
                0x00000bd7       0x1d c:/program files (x86)/cypress/psoc creator/4.0/psoc creator/import/gnu/arm/4.9.3/bin/../lib/gcc/arm-none-eabi/4.9.3/armv7-m\libgcc.a(_arm_muldivdf3.o)
 .ARM.attributes
                0x00000bf4       0x1d c:/program files (x86)/cypress/psoc creator/4.0/psoc creator/import/gnu/arm/4.9.3/bin/../lib/gcc/arm-none-eabi/4.9.3/armv7-m\libgcc.a(_arm_cmpdf2.o)
 .ARM.attributes
                0x00000c11       0x1d c:/program files (x86)/cypress/psoc creator/4.0/psoc creator/import/gnu/arm/4.9.3/bin/../lib/gcc/arm-none-eabi/4.9.3/armv7-m\libgcc.a(_arm_addsubsf3.o)
 .ARM.attributes
                0x00000c2e       0x1d c:/program files (x86)/cypress/psoc creator/4.0/psoc creator/import/gnu/arm/4.9.3/bin/../lib/gcc/arm-none-eabi/4.9.3/armv7-m\libgcc.a(_arm_muldivsf3.o)
 .ARM.attributes
                0x00000c4b       0x1d c:/program files (x86)/cypress/psoc creator/4.0/psoc creator/import/gnu/arm/4.9.3/bin/../lib/gcc/arm-none-eabi/4.9.3/armv7-m\libgcc.a(_arm_fixunssfsi.o)
 .ARM.attributes
                0x00000c68       0x2d c:/program files (x86)/cypress/psoc creator/4.0/psoc creator/import/gnu/arm/4.9.3/bin/../lib/gcc/arm-none-eabi/4.9.3/../../../../arm-none-eabi/lib/armv7-m\libg.a(lib_a-errno.o)
 .ARM.attributes
                0x00000c95       0x2d c:/program files (x86)/cypress/psoc creator/4.0/psoc creator/import/gnu/arm/4.9.3/bin/../lib/gcc/arm-none-eabi/4.9.3/../../../../arm-none-eabi/lib/armv7-m\libg.a(lib_a-exit.o)
 .ARM.attributes
                0x00000cc2       0x2d c:/program files (x86)/cypress/psoc creator/4.0/psoc creator/import/gnu/arm/4.9.3/bin/../lib/gcc/arm-none-eabi/4.9.3/../../../../arm-none-eabi/lib/armv7-m\libg.a(lib_a-impure.o)
 .ARM.attributes
                0x00000cef       0x2d c:/program files (x86)/cypress/psoc creator/4.0/psoc creator/import/gnu/arm/4.9.3/bin/../lib/gcc/arm-none-eabi/4.9.3/../../../../arm-none-eabi/lib/armv7-m\libg.a(lib_a-init.o)
 .ARM.attributes
                0x00000d1c       0x1b c:/program files (x86)/cypress/psoc creator/4.0/psoc creator/import/gnu/arm/4.9.3/bin/../lib/gcc/arm-none-eabi/4.9.3/../../../../arm-none-eabi/lib/armv7-m\libg.a(lib_a-memcpy.o)
 .ARM.attributes
                0x00000d37       0x2d c:/program files (x86)/cypress/psoc creator/4.0/psoc creator/import/gnu/arm/4.9.3/bin/../lib/gcc/arm-none-eabi/4.9.3/../../../../arm-none-eabi/lib/armv7-m\libg.a(lib_a-memset.o)
 .ARM.attributes
                0x00000d64       0x2d c:/program files (x86)/cypress/psoc creator/4.0/psoc creator/import/gnu/arm/4.9.3/bin/../lib/gcc/arm-none-eabi/4.9.3/../../../../arm-none-eabi/lib/armv7-m\libg.a(lib_a-__call_atexit.o)
 .ARM.attributes
                0x00000d91       0x2d c:/program files (x86)/cypress/psoc creator/4.0/psoc creator/import/gnu/arm/4.9.3/bin/../lib/gcc/arm-none-eabi/4.9.3/../../../../arm-none-eabi/lib/armv7-m\libg.a(lib_a-atexit.o)
 .ARM.attributes
                0x00000dbe       0x2d c:/program files (x86)/cypress/psoc creator/4.0/psoc creator/import/gnu/arm/4.9.3/bin/../lib/gcc/arm-none-eabi/4.9.3/../../../../arm-none-eabi/lib/armv7-m\libg.a(lib_a-fini.o)
 .ARM.attributes
                0x00000deb       0x2d c:/program files (x86)/cypress/psoc creator/4.0/psoc creator/import/gnu/arm/4.9.3/bin/../lib/gcc/arm-none-eabi/4.9.3/../../../../arm-none-eabi/lib/armv7-m\libg.a(lib_a-__atexit.o)
 .ARM.attributes
                0x00000e18       0x2d c:/program files (x86)/cypress/psoc creator/4.0/psoc creator/import/gnu/arm/4.9.3/bin/../lib/gcc/arm-none-eabi/4.9.3/armv7-m/crtend.o
 .ARM.attributes
                0x00000e45       0x1d c:/program files (x86)/cypress/psoc creator/4.0/psoc creator/import/gnu/arm/4.9.3/bin/../lib/gcc/arm-none-eabi/4.9.3/armv7-m/crtn.o

/DISCARD/
 *(.note.GNU-stack)
OUTPUT(.\CortexM3\ARM_GCC_493\Debug\ZumoBot.elf elf32-littlearm)
